Archive member included to satisfy reference by file (symbol)

D:/Dokumenty/Pulpit/programming_stuff/projekty_wersje_ostateczne/PongFPGA/Source/Software/PongFPGA_bsp/\libhal_bsp.a(alt_iic.o)
                              obj/default/main.o (alt_ic_isr_register)
D:/Dokumenty/Pulpit/programming_stuff/projekty_wersje_ostateczne/PongFPGA/Source/Software/PongFPGA_bsp/\libhal_bsp.a(alt_iic_isr_register.o)
                              D:/Dokumenty/Pulpit/programming_stuff/projekty_wersje_ostateczne/PongFPGA/Source/Software/PongFPGA_bsp/\libhal_bsp.a(alt_iic.o) (alt_iic_isr_register)
D:/Dokumenty/Pulpit/programming_stuff/projekty_wersje_ostateczne/PongFPGA/Source/Software/PongFPGA_bsp/\libhal_bsp.a(alt_irq_entry.o)
                              D:/Dokumenty/Pulpit/programming_stuff/projekty_wersje_ostateczne/PongFPGA/Source/Software/PongFPGA_bsp/\libhal_bsp.a(alt_iic_isr_register.o) (alt_irq_entry)
D:/Dokumenty/Pulpit/programming_stuff/projekty_wersje_ostateczne/PongFPGA/Source/Software/PongFPGA_bsp/\libhal_bsp.a(alt_irq_handler.o)
                              D:/Dokumenty/Pulpit/programming_stuff/projekty_wersje_ostateczne/PongFPGA/Source/Software/PongFPGA_bsp/\libhal_bsp.a(alt_iic_isr_register.o) (alt_irq)
D:/Dokumenty/Pulpit/programming_stuff/projekty_wersje_ostateczne/PongFPGA/Source/Software/PongFPGA_bsp/\libhal_bsp.a(alt_irq_vars.o)
                              D:/Dokumenty/Pulpit/programming_stuff/projekty_wersje_ostateczne/PongFPGA/Source/Software/PongFPGA_bsp/\libhal_bsp.a(alt_iic.o) (alt_irq_active)
D:/Dokumenty/Pulpit/programming_stuff/projekty_wersje_ostateczne/PongFPGA/Source/Software/PongFPGA_bsp/\libhal_bsp.a(alt_load.o)
                              D:/Dokumenty/Pulpit/programming_stuff/projekty_wersje_ostateczne/PongFPGA/Source/Software/PongFPGA_bsp//obj/HAL/src/crt0.o (alt_load)
D:/Dokumenty/Pulpit/programming_stuff/projekty_wersje_ostateczne/PongFPGA/Source/Software/PongFPGA_bsp/\libhal_bsp.a(alt_main.o)
                              D:/Dokumenty/Pulpit/programming_stuff/projekty_wersje_ostateczne/PongFPGA/Source/Software/PongFPGA_bsp//obj/HAL/src/crt0.o (alt_main)
D:/Dokumenty/Pulpit/programming_stuff/projekty_wersje_ostateczne/PongFPGA/Source/Software/PongFPGA_bsp/\libhal_bsp.a(alt_sys_init.o)
                              D:/Dokumenty/Pulpit/programming_stuff/projekty_wersje_ostateczne/PongFPGA/Source/Software/PongFPGA_bsp/\libhal_bsp.a(alt_main.o) (alt_irq_init)
D:/Dokumenty/Pulpit/programming_stuff/projekty_wersje_ostateczne/PongFPGA/Source/Software/PongFPGA_bsp/\libhal_bsp.a(alt_close.o)
                              D:/Dokumenty/Pulpit/programming_stuff/projekty_wersje_ostateczne/PongFPGA/Source/Software/PongFPGA_bsp/\libhal_bsp.a(alt_main.o) (close)
D:/Dokumenty/Pulpit/programming_stuff/projekty_wersje_ostateczne/PongFPGA/Source/Software/PongFPGA_bsp/\libhal_bsp.a(alt_dcache_flush_all.o)
                              D:/Dokumenty/Pulpit/programming_stuff/projekty_wersje_ostateczne/PongFPGA/Source/Software/PongFPGA_bsp/\libhal_bsp.a(alt_load.o) (alt_dcache_flush_all)
D:/Dokumenty/Pulpit/programming_stuff/projekty_wersje_ostateczne/PongFPGA/Source/Software/PongFPGA_bsp/\libhal_bsp.a(alt_dev.o)
                              D:/Dokumenty/Pulpit/programming_stuff/projekty_wersje_ostateczne/PongFPGA/Source/Software/PongFPGA_bsp/\libhal_bsp.a(alt_close.o) (alt_fd_list)
D:/Dokumenty/Pulpit/programming_stuff/projekty_wersje_ostateczne/PongFPGA/Source/Software/PongFPGA_bsp/\libhal_bsp.a(alt_do_ctors.o)
                              D:/Dokumenty/Pulpit/programming_stuff/projekty_wersje_ostateczne/PongFPGA/Source/Software/PongFPGA_bsp/\libhal_bsp.a(alt_main.o) (_do_ctors)
D:/Dokumenty/Pulpit/programming_stuff/projekty_wersje_ostateczne/PongFPGA/Source/Software/PongFPGA_bsp/\libhal_bsp.a(alt_do_dtors.o)
                              D:/Dokumenty/Pulpit/programming_stuff/projekty_wersje_ostateczne/PongFPGA/Source/Software/PongFPGA_bsp/\libhal_bsp.a(alt_main.o) (_do_dtors)
D:/Dokumenty/Pulpit/programming_stuff/projekty_wersje_ostateczne/PongFPGA/Source/Software/PongFPGA_bsp/\libhal_bsp.a(alt_errno.o)
                              D:/Dokumenty/Pulpit/programming_stuff/projekty_wersje_ostateczne/PongFPGA/Source/Software/PongFPGA_bsp/\libhal_bsp.a(alt_close.o) (alt_errno)
D:/Dokumenty/Pulpit/programming_stuff/projekty_wersje_ostateczne/PongFPGA/Source/Software/PongFPGA_bsp/\libhal_bsp.a(alt_exception_entry.o)
                              D:/Dokumenty/Pulpit/programming_stuff/projekty_wersje_ostateczne/PongFPGA/Source/Software/PongFPGA_bsp/\libhal_bsp.a(alt_irq_entry.o) (alt_exception)
D:/Dokumenty/Pulpit/programming_stuff/projekty_wersje_ostateczne/PongFPGA/Source/Software/PongFPGA_bsp/\libhal_bsp.a(alt_icache_flush_all.o)
                              D:/Dokumenty/Pulpit/programming_stuff/projekty_wersje_ostateczne/PongFPGA/Source/Software/PongFPGA_bsp/\libhal_bsp.a(alt_load.o) (alt_icache_flush_all)
D:/Dokumenty/Pulpit/programming_stuff/projekty_wersje_ostateczne/PongFPGA/Source/Software/PongFPGA_bsp/\libhal_bsp.a(alt_instruction_exception_entry.o)
                              D:/Dokumenty/Pulpit/programming_stuff/projekty_wersje_ostateczne/PongFPGA/Source/Software/PongFPGA_bsp/\libhal_bsp.a(alt_exception_entry.o) (alt_instruction_exception_entry)
D:/Dokumenty/Pulpit/programming_stuff/projekty_wersje_ostateczne/PongFPGA/Source/Software/PongFPGA_bsp/\libhal_bsp.a(alt_release_fd.o)
                              D:/Dokumenty/Pulpit/programming_stuff/projekty_wersje_ostateczne/PongFPGA/Source/Software/PongFPGA_bsp/\libhal_bsp.a(alt_close.o) (alt_release_fd)
D:/Dokumenty/Pulpit/programming_stuff/projekty_wersje_ostateczne/PongFPGA/Source/Software/PongFPGA_bsp/\libhal_bsp.a(altera_nios2_gen2_irq.o)
                              D:/Dokumenty/Pulpit/programming_stuff/projekty_wersje_ostateczne/PongFPGA/Source/Software/PongFPGA_bsp/\libhal_bsp.a(alt_sys_init.o) (altera_nios2_gen2_irq_init)
d:/programs/maximator18.1/nios2eds/bin/gnu/h-x86_64-mingw32/bin/../lib/gcc/nios2-elf/5.3.0/../../../../../H-x86_64-mingw32/nios2-elf/lib/mno-hw-mul\libc.a(lib_a-atexit.o)
                              D:/Dokumenty/Pulpit/programming_stuff/projekty_wersje_ostateczne/PongFPGA/Source/Software/PongFPGA_bsp/\libhal_bsp.a(alt_main.o) (atexit)
d:/programs/maximator18.1/nios2eds/bin/gnu/h-x86_64-mingw32/bin/../lib/gcc/nios2-elf/5.3.0/../../../../../H-x86_64-mingw32/nios2-elf/lib/mno-hw-mul\libc.a(lib_a-exit.o)
                              D:/Dokumenty/Pulpit/programming_stuff/projekty_wersje_ostateczne/PongFPGA/Source/Software/PongFPGA_bsp/\libhal_bsp.a(alt_main.o) (exit)
d:/programs/maximator18.1/nios2eds/bin/gnu/h-x86_64-mingw32/bin/../lib/gcc/nios2-elf/5.3.0/../../../../../H-x86_64-mingw32/nios2-elf/lib/mno-hw-mul\libc.a(lib_a-impure.o)
                              d:/programs/maximator18.1/nios2eds/bin/gnu/h-x86_64-mingw32/bin/../lib/gcc/nios2-elf/5.3.0/../../../../../H-x86_64-mingw32/nios2-elf/lib/mno-hw-mul\libc.a(lib_a-exit.o) (_global_impure_ptr)
d:/programs/maximator18.1/nios2eds/bin/gnu/h-x86_64-mingw32/bin/../lib/gcc/nios2-elf/5.3.0/../../../../../H-x86_64-mingw32/nios2-elf/lib/mno-hw-mul\libc.a(lib_a-int_errno.o)
                              D:/Dokumenty/Pulpit/programming_stuff/projekty_wersje_ostateczne/PongFPGA/Source/Software/PongFPGA_bsp/\libhal_bsp.a(alt_close.o) (errno)
d:/programs/maximator18.1/nios2eds/bin/gnu/h-x86_64-mingw32/bin/../lib/gcc/nios2-elf/5.3.0/../../../../../H-x86_64-mingw32/nios2-elf/lib/mno-hw-mul\libc.a(lib_a-__atexit.o)
                              d:/programs/maximator18.1/nios2eds/bin/gnu/h-x86_64-mingw32/bin/../lib/gcc/nios2-elf/5.3.0/../../../../../H-x86_64-mingw32/nios2-elf/lib/mno-hw-mul\libc.a(lib_a-atexit.o) (__register_exitproc)
d:/programs/maximator18.1/nios2eds/bin/gnu/h-x86_64-mingw32/bin/../lib/gcc/nios2-elf/5.3.0/../../../../../H-x86_64-mingw32/nios2-elf/lib/mno-hw-mul\libc.a(lib_a-__call_atexit.o)
                              d:/programs/maximator18.1/nios2eds/bin/gnu/h-x86_64-mingw32/bin/../lib/gcc/nios2-elf/5.3.0/../../../../../H-x86_64-mingw32/nios2-elf/lib/mno-hw-mul\libc.a(lib_a-exit.o) (__call_exitprocs)
d:/programs/maximator18.1/nios2eds/bin/gnu/h-x86_64-mingw32/bin/../lib/gcc/nios2-elf/5.3.0/mno-hw-mul\libgcc.a(lib2-mul.o)
                              D:/Dokumenty/Pulpit/programming_stuff/projekty_wersje_ostateczne/PongFPGA/Source/Software/PongFPGA_bsp/\libhal_bsp.a(alt_close.o) (__mulsi3)
D:/Dokumenty/Pulpit/programming_stuff/projekty_wersje_ostateczne/PongFPGA/Source/Software/PongFPGA_bsp/\libhal_bsp.a(alt_exit.o)
                              d:/programs/maximator18.1/nios2eds/bin/gnu/h-x86_64-mingw32/bin/../lib/gcc/nios2-elf/5.3.0/../../../../../H-x86_64-mingw32/nios2-elf/lib/mno-hw-mul\libc.a(lib_a-exit.o) (_exit)

Allocating common symbols
Common symbol       size              file

alt_irq             0x100             D:/Dokumenty/Pulpit/programming_stuff/projekty_wersje_ostateczne/PongFPGA/Source/Software/PongFPGA_bsp/\libhal_bsp.a(alt_irq_handler.o)
errno               0x4               d:/programs/maximator18.1/nios2eds/bin/gnu/h-x86_64-mingw32/bin/../lib/gcc/nios2-elf/5.3.0/../../../../../H-x86_64-mingw32/nios2-elf/lib/mno-hw-mul\libc.a(lib_a-int_errno.o)

Memory Configuration

Name             Origin             Length             Attributes
VRAM             0x0000000000000000 0x0000000000000060
reset            0x0000000000008000 0x0000000000000020
RAM              0x0000000000008020 0x0000000000003fe0
*default*        0x0000000000000000 0xffffffffffffffff

Linker script and memory map

LOAD D:/Dokumenty/Pulpit/programming_stuff/projekty_wersje_ostateczne/PongFPGA/Source/Software/PongFPGA_bsp//obj/HAL/src/crt0.o
LOAD obj/default/main.o
LOAD d:/programs/maximator18.1/nios2eds/bin/gnu/h-x86_64-mingw32/bin/../lib/gcc/nios2-elf/5.3.0/../../../../../H-x86_64-mingw32/nios2-elf/lib/mno-hw-mul\libstdc++.a
LOAD d:/programs/maximator18.1/nios2eds/bin/gnu/h-x86_64-mingw32/bin/../lib/gcc/nios2-elf/5.3.0/../../../../../H-x86_64-mingw32/nios2-elf/lib/mno-hw-mul\libm.a
LOAD d:/programs/maximator18.1/nios2eds/bin/gnu/h-x86_64-mingw32/bin/../lib/gcc/nios2-elf/5.3.0/mno-hw-mul\libgcc.a
START GROUP
LOAD d:/programs/maximator18.1/nios2eds/bin/gnu/h-x86_64-mingw32/bin/../lib/gcc/nios2-elf/5.3.0/../../../../../H-x86_64-mingw32/nios2-elf/lib/mno-hw-mul\libc.a
LOAD d:/programs/maximator18.1/nios2eds/bin/gnu/h-x86_64-mingw32/bin/../lib/gcc/nios2-elf/5.3.0/mno-hw-mul\libgcc.a
LOAD D:/Dokumenty/Pulpit/programming_stuff/projekty_wersje_ostateczne/PongFPGA/Source/Software/PongFPGA_bsp/\libhal_bsp.a
LOAD d:/programs/maximator18.1/nios2eds/bin/gnu/h-x86_64-mingw32/bin/../lib/gcc/nios2-elf/5.3.0/../../../../../H-x86_64-mingw32/nios2-elf/lib/mno-hw-mul\libm.a
END GROUP
LOAD d:/programs/maximator18.1/nios2eds/bin/gnu/h-x86_64-mingw32/bin/../lib/gcc/nios2-elf/5.3.0/mno-hw-mul\libgcc.a
                0x0000000000000000                __alt_mem_VRAM = 0x0
                0x0000000000008000                __alt_mem_RAM = 0x8000

.entry          0x0000000000008000       0x20
 *(.entry)
 .entry         0x0000000000008000       0x20 D:/Dokumenty/Pulpit/programming_stuff/projekty_wersje_ostateczne/PongFPGA/Source/Software/PongFPGA_bsp//obj/HAL/src/crt0.o
                0x0000000000008000                __reset

.exceptions     0x0000000000008020      0x210
                0x0000000000008020                PROVIDE (__ram_exceptions_start, ABSOLUTE (.))
                0x0000000000008020                . = ALIGN (0x20)
 *(.irq)
 *(.exceptions.entry.label)
 .exceptions.entry.label
                0x0000000000008020        0x0 D:/Dokumenty/Pulpit/programming_stuff/projekty_wersje_ostateczne/PongFPGA/Source/Software/PongFPGA_bsp/\libhal_bsp.a(alt_irq_entry.o)
                0x0000000000008020                alt_irq_entry
 .exceptions.entry.label
                0x0000000000008020        0x0 D:/Dokumenty/Pulpit/programming_stuff/projekty_wersje_ostateczne/PongFPGA/Source/Software/PongFPGA_bsp/\libhal_bsp.a(alt_exception_entry.o)
                0x0000000000008020                alt_exception
 *(.exceptions.entry.user)
 *(.exceptions.entry.ecc_fatal)
 *(.exceptions.entry)
 .exceptions.entry
                0x0000000000008020       0x54 D:/Dokumenty/Pulpit/programming_stuff/projekty_wersje_ostateczne/PongFPGA/Source/Software/PongFPGA_bsp/\libhal_bsp.a(alt_exception_entry.o)
 *(.exceptions.irqtest.user)
 *(.exceptions.irqtest)
 .exceptions.irqtest
                0x0000000000008074       0x10 D:/Dokumenty/Pulpit/programming_stuff/projekty_wersje_ostateczne/PongFPGA/Source/Software/PongFPGA_bsp/\libhal_bsp.a(alt_irq_entry.o)
 *(.exceptions.irqhandler.user)
 *(.exceptions.irqhandler)
 .exceptions.irqhandler
                0x0000000000008084        0x4 D:/Dokumenty/Pulpit/programming_stuff/projekty_wersje_ostateczne/PongFPGA/Source/Software/PongFPGA_bsp/\libhal_bsp.a(alt_irq_entry.o)
 *(.exceptions.irqreturn.user)
 *(.exceptions.irqreturn)
 .exceptions.irqreturn
                0x0000000000008088        0x4 D:/Dokumenty/Pulpit/programming_stuff/projekty_wersje_ostateczne/PongFPGA/Source/Software/PongFPGA_bsp/\libhal_bsp.a(alt_irq_entry.o)
 *(.exceptions.notirq.label)
 .exceptions.notirq.label
                0x000000000000808c        0x0 D:/Dokumenty/Pulpit/programming_stuff/projekty_wersje_ostateczne/PongFPGA/Source/Software/PongFPGA_bsp/\libhal_bsp.a(alt_irq_entry.o)
 *(.exceptions.notirq.user)
 *(.exceptions.notirq)
 .exceptions.notirq
                0x000000000000808c        0x8 D:/Dokumenty/Pulpit/programming_stuff/projekty_wersje_ostateczne/PongFPGA/Source/Software/PongFPGA_bsp/\libhal_bsp.a(alt_exception_entry.o)
 *(.exceptions.soft.user)
 *(.exceptions.soft)
 *(.exceptions.unknown.user)
 *(.exceptions.unknown)
 .exceptions.unknown
                0x0000000000008094       0x14 D:/Dokumenty/Pulpit/programming_stuff/projekty_wersje_ostateczne/PongFPGA/Source/Software/PongFPGA_bsp/\libhal_bsp.a(alt_exception_entry.o)
 *(.exceptions.exit.label)
 .exceptions.exit.label
                0x00000000000080a8        0x0 D:/Dokumenty/Pulpit/programming_stuff/projekty_wersje_ostateczne/PongFPGA/Source/Software/PongFPGA_bsp/\libhal_bsp.a(alt_irq_entry.o)
 .exceptions.exit.label
                0x00000000000080a8        0x0 D:/Dokumenty/Pulpit/programming_stuff/projekty_wersje_ostateczne/PongFPGA/Source/Software/PongFPGA_bsp/\libhal_bsp.a(alt_exception_entry.o)
 *(.exceptions.exit.user)
 *(.exceptions.exit)
 .exceptions.exit
                0x00000000000080a8       0x54 D:/Dokumenty/Pulpit/programming_stuff/projekty_wersje_ostateczne/PongFPGA/Source/Software/PongFPGA_bsp/\libhal_bsp.a(alt_exception_entry.o)
 *(.exceptions)
 .exceptions    0x00000000000080fc       0xd4 D:/Dokumenty/Pulpit/programming_stuff/projekty_wersje_ostateczne/PongFPGA/Source/Software/PongFPGA_bsp/\libhal_bsp.a(alt_irq_handler.o)
                0x00000000000080fc                alt_irq_handler
 .exceptions    0x00000000000081d0       0x60 D:/Dokumenty/Pulpit/programming_stuff/projekty_wersje_ostateczne/PongFPGA/Source/Software/PongFPGA_bsp/\libhal_bsp.a(alt_instruction_exception_entry.o)
                0x00000000000081d0                alt_instruction_exception_entry
                0x0000000000008230                PROVIDE (__ram_exceptions_end, ABSOLUTE (.))
                0x0000000000008020                PROVIDE (__flash_exceptions_start, LOADADDR (.exceptions))

.text           0x0000000000008230      0xdc0
                [!provide]                        PROVIDE (stext, ABSOLUTE (.))
 *(.interp)
 *(.hash)
 *(.dynsym)
 *(.dynstr)
 *(.gnu.version)
 *(.gnu.version_d)
 *(.gnu.version_r)
 *(.rel.init)
 *(.rela.init)
 *(.rel.text .rel.text.* .rel.gnu.linkonce.t.*)
 *(.rela.text .rela.text.* .rela.gnu.linkonce.t.*)
 *(.rel.fini)
 *(.rela.fini)
 *(.rel.rodata .rel.rodata.* .rel.gnu.linkonce.r.*)
 *(.rela.rodata .rela.rodata.* .rela.gnu.linkonce.r.*)
 *(.rel.data .rel.data.* .rel.gnu.linkonce.d.*)
 *(.rela.data .rela.data.* .rela.gnu.linkonce.d.*)
 *(.rel.tdata .rel.tdata.* .rel.gnu.linkonce.td.*)
 *(.rela.tdata .rela.tdata.* .rela.gnu.linkonce.td.*)
 *(.rel.tbss .rel.tbss.* .rel.gnu.linkonce.tb.*)
 *(.rela.tbss .rela.tbss.* .rela.gnu.linkonce.tb.*)
 *(.rel.ctors)
 *(.rela.ctors)
 *(.rel.dtors)
 *(.rela.dtors)
 *(.rel.got)
 *(.rela.got)
 *(.rel.sdata .rel.sdata.* .rel.gnu.linkonce.s.*)
 *(.rela.sdata .rela.sdata.* .rela.gnu.linkonce.s.*)
 *(.rel.sbss .rel.sbss.* .rel.gnu.linkonce.sb.*)
 *(.rela.sbss .rela.sbss.* .rela.gnu.linkonce.sb.*)
 *(.rel.sdata2 .rel.sdata2.* .rel.gnu.linkonce.s2.*)
 *(.rela.sdata2 .rela.sdata2.* .rela.gnu.linkonce.s2.*)
 *(.rel.sbss2 .rel.sbss2.* .rel.gnu.linkonce.sb2.*)
 *(.rela.sbss2 .rela.sbss2.* .rela.gnu.linkonce.sb2.*)
 *(.rel.bss .rel.bss.* .rel.gnu.linkonce.b.*)
 *(.rela.bss .rela.bss.* .rela.gnu.linkonce.b.*)
 *(.rel.plt)
 *(.rela.plt)
 *(.rel.dyn)
 *(.init)
 *(.plt)
 *(.text .stub .text.* .gnu.linkonce.t.*)
 .text          0x0000000000008230       0x3c D:/Dokumenty/Pulpit/programming_stuff/projekty_wersje_ostateczne/PongFPGA/Source/Software/PongFPGA_bsp//obj/HAL/src/crt0.o
                0x0000000000008230                _start
 .text          0x000000000000826c      0x278 obj/default/main.o
                0x000000000000826c                SetPosOnRAM()
                0x000000000000834c                processInput(unsigned char)
                0x0000000000008404                swTimerInterrupt(void*)
                0x0000000000008484                main
 .text          0x00000000000084e4      0x1b0 D:/Dokumenty/Pulpit/programming_stuff/projekty_wersje_ostateczne/PongFPGA/Source/Software/PongFPGA_bsp/\libhal_bsp.a(alt_iic.o)
                0x00000000000084e4                alt_ic_isr_register
                0x0000000000008534                alt_ic_irq_enable
                0x00000000000085bc                alt_ic_irq_disable
                0x0000000000008648                alt_ic_irq_enabled
 .text          0x0000000000008694       0xf0 D:/Dokumenty/Pulpit/programming_stuff/projekty_wersje_ostateczne/PongFPGA/Source/Software/PongFPGA_bsp/\libhal_bsp.a(alt_iic_isr_register.o)
                0x0000000000008694                alt_iic_isr_register
 .text          0x0000000000008784        0x0 D:/Dokumenty/Pulpit/programming_stuff/projekty_wersje_ostateczne/PongFPGA/Source/Software/PongFPGA_bsp/\libhal_bsp.a(alt_irq_entry.o)
 .text          0x0000000000008784        0x0 D:/Dokumenty/Pulpit/programming_stuff/projekty_wersje_ostateczne/PongFPGA/Source/Software/PongFPGA_bsp/\libhal_bsp.a(alt_irq_handler.o)
 .text          0x0000000000008784        0x0 D:/Dokumenty/Pulpit/programming_stuff/projekty_wersje_ostateczne/PongFPGA/Source/Software/PongFPGA_bsp/\libhal_bsp.a(alt_irq_vars.o)
 .text          0x0000000000008784       0xec D:/Dokumenty/Pulpit/programming_stuff/projekty_wersje_ostateczne/PongFPGA/Source/Software/PongFPGA_bsp/\libhal_bsp.a(alt_load.o)
                0x00000000000087ec                alt_load
 .text          0x0000000000008870       0x60 D:/Dokumenty/Pulpit/programming_stuff/projekty_wersje_ostateczne/PongFPGA/Source/Software/PongFPGA_bsp/\libhal_bsp.a(alt_main.o)
                0x0000000000008870                alt_main
 .text          0x00000000000088d0       0x5c D:/Dokumenty/Pulpit/programming_stuff/projekty_wersje_ostateczne/PongFPGA/Source/Software/PongFPGA_bsp/\libhal_bsp.a(alt_sys_init.o)
                0x00000000000088d0                alt_irq_init
                0x0000000000008908                alt_sys_init
 .text          0x000000000000892c      0x114 D:/Dokumenty/Pulpit/programming_stuff/projekty_wersje_ostateczne/PongFPGA/Source/Software/PongFPGA_bsp/\libhal_bsp.a(alt_close.o)
                0x0000000000008968                close
 .text          0x0000000000008a40       0x20 D:/Dokumenty/Pulpit/programming_stuff/projekty_wersje_ostateczne/PongFPGA/Source/Software/PongFPGA_bsp/\libhal_bsp.a(alt_dcache_flush_all.o)
                0x0000000000008a40                alt_dcache_flush_all
 .text          0x0000000000008a60       0x2c D:/Dokumenty/Pulpit/programming_stuff/projekty_wersje_ostateczne/PongFPGA/Source/Software/PongFPGA_bsp/\libhal_bsp.a(alt_dev.o)
 .text          0x0000000000008a8c       0x60 D:/Dokumenty/Pulpit/programming_stuff/projekty_wersje_ostateczne/PongFPGA/Source/Software/PongFPGA_bsp/\libhal_bsp.a(alt_do_ctors.o)
                0x0000000000008a8c                _do_ctors
 .text          0x0000000000008aec       0x60 D:/Dokumenty/Pulpit/programming_stuff/projekty_wersje_ostateczne/PongFPGA/Source/Software/PongFPGA_bsp/\libhal_bsp.a(alt_do_dtors.o)
                0x0000000000008aec                _do_dtors
 .text          0x0000000000008b4c        0x0 D:/Dokumenty/Pulpit/programming_stuff/projekty_wersje_ostateczne/PongFPGA/Source/Software/PongFPGA_bsp/\libhal_bsp.a(alt_errno.o)
 .text          0x0000000000008b4c        0x0 D:/Dokumenty/Pulpit/programming_stuff/projekty_wersje_ostateczne/PongFPGA/Source/Software/PongFPGA_bsp/\libhal_bsp.a(alt_exception_entry.o)
 .text          0x0000000000008b4c       0x20 D:/Dokumenty/Pulpit/programming_stuff/projekty_wersje_ostateczne/PongFPGA/Source/Software/PongFPGA_bsp/\libhal_bsp.a(alt_icache_flush_all.o)
                0x0000000000008b4c                alt_icache_flush_all
 .text          0x0000000000008b6c       0x9c D:/Dokumenty/Pulpit/programming_stuff/projekty_wersje_ostateczne/PongFPGA/Source/Software/PongFPGA_bsp/\libhal_bsp.a(alt_instruction_exception_entry.o)
                0x0000000000008b6c                alt_exception_cause_generated_bad_addr
 .text          0x0000000000008c08       0x84 D:/Dokumenty/Pulpit/programming_stuff/projekty_wersje_ostateczne/PongFPGA/Source/Software/PongFPGA_bsp/\libhal_bsp.a(alt_release_fd.o)
                0x0000000000008c08                alt_release_fd
 .text          0x0000000000008c8c       0x24 D:/Dokumenty/Pulpit/programming_stuff/projekty_wersje_ostateczne/PongFPGA/Source/Software/PongFPGA_bsp/\libhal_bsp.a(altera_nios2_gen2_irq.o)
                0x0000000000008c8c                altera_nios2_gen2_irq_init
 .text          0x0000000000008cb0        0x0 d:/programs/maximator18.1/nios2eds/bin/gnu/h-x86_64-mingw32/bin/../lib/gcc/nios2-elf/5.3.0/../../../../../H-x86_64-mingw32/nios2-elf/lib/mno-hw-mul\libc.a(lib_a-atexit.o)
 .text.atexit   0x0000000000008cb0       0x14 d:/programs/maximator18.1/nios2eds/bin/gnu/h-x86_64-mingw32/bin/../lib/gcc/nios2-elf/5.3.0/../../../../../H-x86_64-mingw32/nios2-elf/lib/mno-hw-mul\libc.a(lib_a-atexit.o)
                0x0000000000008cb0                atexit
 .text          0x0000000000008cc4        0x0 d:/programs/maximator18.1/nios2eds/bin/gnu/h-x86_64-mingw32/bin/../lib/gcc/nios2-elf/5.3.0/../../../../../H-x86_64-mingw32/nios2-elf/lib/mno-hw-mul\libc.a(lib_a-exit.o)
 .text.exit     0x0000000000008cc4       0x38 d:/programs/maximator18.1/nios2eds/bin/gnu/h-x86_64-mingw32/bin/../lib/gcc/nios2-elf/5.3.0/../../../../../H-x86_64-mingw32/nios2-elf/lib/mno-hw-mul\libc.a(lib_a-exit.o)
                0x0000000000008cc4                exit
 .text          0x0000000000008cfc        0x0 d:/programs/maximator18.1/nios2eds/bin/gnu/h-x86_64-mingw32/bin/../lib/gcc/nios2-elf/5.3.0/../../../../../H-x86_64-mingw32/nios2-elf/lib/mno-hw-mul\libc.a(lib_a-impure.o)
 .text          0x0000000000008cfc        0x0 d:/programs/maximator18.1/nios2eds/bin/gnu/h-x86_64-mingw32/bin/../lib/gcc/nios2-elf/5.3.0/../../../../../H-x86_64-mingw32/nios2-elf/lib/mno-hw-mul\libc.a(lib_a-int_errno.o)
 .text          0x0000000000008cfc        0x0 d:/programs/maximator18.1/nios2eds/bin/gnu/h-x86_64-mingw32/bin/../lib/gcc/nios2-elf/5.3.0/../../../../../H-x86_64-mingw32/nios2-elf/lib/mno-hw-mul\libc.a(lib_a-__atexit.o)
 .text.__register_exitproc
                0x0000000000008cfc      0x118 d:/programs/maximator18.1/nios2eds/bin/gnu/h-x86_64-mingw32/bin/../lib/gcc/nios2-elf/5.3.0/../../../../../H-x86_64-mingw32/nios2-elf/lib/mno-hw-mul\libc.a(lib_a-__atexit.o)
                0x0000000000008cfc                __register_exitproc
 .text          0x0000000000008e14        0x0 d:/programs/maximator18.1/nios2eds/bin/gnu/h-x86_64-mingw32/bin/../lib/gcc/nios2-elf/5.3.0/../../../../../H-x86_64-mingw32/nios2-elf/lib/mno-hw-mul\libc.a(lib_a-__call_atexit.o)
 .text.__call_exitprocs
                0x0000000000008e14      0x180 d:/programs/maximator18.1/nios2eds/bin/gnu/h-x86_64-mingw32/bin/../lib/gcc/nios2-elf/5.3.0/../../../../../H-x86_64-mingw32/nios2-elf/lib/mno-hw-mul\libc.a(lib_a-__call_atexit.o)
                0x0000000000008e14                __call_exitprocs
 .text          0x0000000000008f94       0x28 d:/programs/maximator18.1/nios2eds/bin/gnu/h-x86_64-mingw32/bin/../lib/gcc/nios2-elf/5.3.0/mno-hw-mul\libgcc.a(lib2-mul.o)
                0x0000000000008f94                __mulsi3
 .text          0x0000000000008fbc       0x34 D:/Dokumenty/Pulpit/programming_stuff/projekty_wersje_ostateczne/PongFPGA/Source/Software/PongFPGA_bsp/\libhal_bsp.a(alt_exit.o)
                0x0000000000008fbc                _exit
 *(.gnu.warning.*)
 *(.fini)
                [!provide]                        PROVIDE (__etext, ABSOLUTE (.))
                [!provide]                        PROVIDE (_etext, ABSOLUTE (.))
                [!provide]                        PROVIDE (etext, ABSOLUTE (.))
 *(.eh_frame_hdr)
                0x0000000000008ff0                . = ALIGN (0x4)
                [!provide]                        PROVIDE (__preinit_array_start, ABSOLUTE (.))
 *(.preinit_array)
                [!provide]                        PROVIDE (__preinit_array_end, ABSOLUTE (.))
                [!provide]                        PROVIDE (__init_array_start, ABSOLUTE (.))
 *(.init_array)
                [!provide]                        PROVIDE (__init_array_end, ABSOLUTE (.))
                [!provide]                        PROVIDE (__fini_array_start, ABSOLUTE (.))
 *(.fini_array)
                [!provide]                        PROVIDE (__fini_array_end, ABSOLUTE (.))
 *(.eh_frame)
 *(.gcc_except_table .gcc_except_table.*)
 *(.dynamic)
                0x0000000000008ff0                PROVIDE (__CTOR_LIST__, ABSOLUTE (.))
 *(.ctors)
 *(SORT(.ctors.*))
                0x0000000000008ff0                PROVIDE (__CTOR_END__, ABSOLUTE (.))
                0x0000000000008ff0                PROVIDE (__DTOR_LIST__, ABSOLUTE (.))
 *(.dtors)
 *(SORT(.dtors.*))
                0x0000000000008ff0                PROVIDE (__DTOR_END__, ABSOLUTE (.))
 *(.jcr)
                0x0000000000008ff0                . = ALIGN (0x4)

.rodata         0x0000000000008ff0       0x10
                0x0000000000008ff0                PROVIDE (__ram_rodata_start, ABSOLUTE (.))
                0x0000000000008ff0                . = ALIGN (0x4)
 *(.rodata .rodata.* .gnu.linkonce.r.*)
 .rodata        0x0000000000008ff0        0xa D:/Dokumenty/Pulpit/programming_stuff/projekty_wersje_ostateczne/PongFPGA/Source/Software/PongFPGA_bsp/\libhal_bsp.a(alt_dev.o)
 *fill*         0x0000000000008ffa        0x2 
 .rodata.str1.4
                0x0000000000008ffc        0x4 d:/programs/maximator18.1/nios2eds/bin/gnu/h-x86_64-mingw32/bin/../lib/gcc/nios2-elf/5.3.0/../../../../../H-x86_64-mingw32/nios2-elf/lib/mno-hw-mul\libc.a(lib_a-impure.o)
                                          0x2 (size before relaxing)
 *(.rodata1)
                0x0000000000009000                . = ALIGN (0x4)
                0x0000000000009000                PROVIDE (__ram_rodata_end, ABSOLUTE (.))
                0x0000000000008ff0                PROVIDE (__flash_rodata_start, LOADADDR (.rodata))

.rwdata         0x0000000000009000      0x5f0 load address 0x00000000000095f0
                0x0000000000009000                PROVIDE (__ram_rwdata_start, ABSOLUTE (.))
                0x0000000000009000                . = ALIGN (0x4)
 *(.got.plt)
 *(.got)
 *(.data1)
 *(.data .data.* .gnu.linkonce.d.*)
 .data          0x0000000000009000        0x0 D:/Dokumenty/Pulpit/programming_stuff/projekty_wersje_ostateczne/PongFPGA/Source/Software/PongFPGA_bsp//obj/HAL/src/crt0.o
 .data          0x0000000000009000        0x0 obj/default/main.o
 .data          0x0000000000009000        0x0 D:/Dokumenty/Pulpit/programming_stuff/projekty_wersje_ostateczne/PongFPGA/Source/Software/PongFPGA_bsp/\libhal_bsp.a(alt_iic.o)
 .data          0x0000000000009000        0x0 D:/Dokumenty/Pulpit/programming_stuff/projekty_wersje_ostateczne/PongFPGA/Source/Software/PongFPGA_bsp/\libhal_bsp.a(alt_iic_isr_register.o)
 .data          0x0000000000009000        0x0 D:/Dokumenty/Pulpit/programming_stuff/projekty_wersje_ostateczne/PongFPGA/Source/Software/PongFPGA_bsp/\libhal_bsp.a(alt_irq_entry.o)
 .data          0x0000000000009000        0x0 D:/Dokumenty/Pulpit/programming_stuff/projekty_wersje_ostateczne/PongFPGA/Source/Software/PongFPGA_bsp/\libhal_bsp.a(alt_irq_handler.o)
 .data          0x0000000000009000        0x0 D:/Dokumenty/Pulpit/programming_stuff/projekty_wersje_ostateczne/PongFPGA/Source/Software/PongFPGA_bsp/\libhal_bsp.a(alt_irq_vars.o)
 .data          0x0000000000009000        0x0 D:/Dokumenty/Pulpit/programming_stuff/projekty_wersje_ostateczne/PongFPGA/Source/Software/PongFPGA_bsp/\libhal_bsp.a(alt_load.o)
 .data          0x0000000000009000        0x0 D:/Dokumenty/Pulpit/programming_stuff/projekty_wersje_ostateczne/PongFPGA/Source/Software/PongFPGA_bsp/\libhal_bsp.a(alt_main.o)
 .data          0x0000000000009000        0x0 D:/Dokumenty/Pulpit/programming_stuff/projekty_wersje_ostateczne/PongFPGA/Source/Software/PongFPGA_bsp/\libhal_bsp.a(alt_sys_init.o)
 .data          0x0000000000009000        0x0 D:/Dokumenty/Pulpit/programming_stuff/projekty_wersje_ostateczne/PongFPGA/Source/Software/PongFPGA_bsp/\libhal_bsp.a(alt_close.o)
 .data          0x0000000000009000        0x0 D:/Dokumenty/Pulpit/programming_stuff/projekty_wersje_ostateczne/PongFPGA/Source/Software/PongFPGA_bsp/\libhal_bsp.a(alt_dcache_flush_all.o)
 .data          0x0000000000009000      0x1a8 D:/Dokumenty/Pulpit/programming_stuff/projekty_wersje_ostateczne/PongFPGA/Source/Software/PongFPGA_bsp/\libhal_bsp.a(alt_dev.o)
                0x0000000000009000                alt_dev_null
                0x0000000000009028                alt_fd_list
 .data          0x00000000000091a8        0x0 D:/Dokumenty/Pulpit/programming_stuff/projekty_wersje_ostateczne/PongFPGA/Source/Software/PongFPGA_bsp/\libhal_bsp.a(alt_do_ctors.o)
 .data          0x00000000000091a8        0x0 D:/Dokumenty/Pulpit/programming_stuff/projekty_wersje_ostateczne/PongFPGA/Source/Software/PongFPGA_bsp/\libhal_bsp.a(alt_do_dtors.o)
 .data          0x00000000000091a8        0x0 D:/Dokumenty/Pulpit/programming_stuff/projekty_wersje_ostateczne/PongFPGA/Source/Software/PongFPGA_bsp/\libhal_bsp.a(alt_errno.o)
 .data          0x00000000000091a8        0x0 D:/Dokumenty/Pulpit/programming_stuff/projekty_wersje_ostateczne/PongFPGA/Source/Software/PongFPGA_bsp/\libhal_bsp.a(alt_exception_entry.o)
 .data          0x00000000000091a8        0x0 D:/Dokumenty/Pulpit/programming_stuff/projekty_wersje_ostateczne/PongFPGA/Source/Software/PongFPGA_bsp/\libhal_bsp.a(alt_icache_flush_all.o)
 .data          0x00000000000091a8        0x0 D:/Dokumenty/Pulpit/programming_stuff/projekty_wersje_ostateczne/PongFPGA/Source/Software/PongFPGA_bsp/\libhal_bsp.a(alt_instruction_exception_entry.o)
 .data          0x00000000000091a8        0x0 D:/Dokumenty/Pulpit/programming_stuff/projekty_wersje_ostateczne/PongFPGA/Source/Software/PongFPGA_bsp/\libhal_bsp.a(alt_release_fd.o)
 .data          0x00000000000091a8        0x0 D:/Dokumenty/Pulpit/programming_stuff/projekty_wersje_ostateczne/PongFPGA/Source/Software/PongFPGA_bsp/\libhal_bsp.a(altera_nios2_gen2_irq.o)
 .data          0x00000000000091a8        0x0 d:/programs/maximator18.1/nios2eds/bin/gnu/h-x86_64-mingw32/bin/../lib/gcc/nios2-elf/5.3.0/../../../../../H-x86_64-mingw32/nios2-elf/lib/mno-hw-mul\libc.a(lib_a-atexit.o)
 .data          0x00000000000091a8        0x0 d:/programs/maximator18.1/nios2eds/bin/gnu/h-x86_64-mingw32/bin/../lib/gcc/nios2-elf/5.3.0/../../../../../H-x86_64-mingw32/nios2-elf/lib/mno-hw-mul\libc.a(lib_a-exit.o)
 .data          0x00000000000091a8        0x0 d:/programs/maximator18.1/nios2eds/bin/gnu/h-x86_64-mingw32/bin/../lib/gcc/nios2-elf/5.3.0/../../../../../H-x86_64-mingw32/nios2-elf/lib/mno-hw-mul\libc.a(lib_a-impure.o)
 .data.impure_data
                0x00000000000091a8      0x424 d:/programs/maximator18.1/nios2eds/bin/gnu/h-x86_64-mingw32/bin/../lib/gcc/nios2-elf/5.3.0/../../../../../H-x86_64-mingw32/nios2-elf/lib/mno-hw-mul\libc.a(lib_a-impure.o)
 .data          0x00000000000095cc        0x0 d:/programs/maximator18.1/nios2eds/bin/gnu/h-x86_64-mingw32/bin/../lib/gcc/nios2-elf/5.3.0/../../../../../H-x86_64-mingw32/nios2-elf/lib/mno-hw-mul\libc.a(lib_a-int_errno.o)
 .data          0x00000000000095cc        0x0 d:/programs/maximator18.1/nios2eds/bin/gnu/h-x86_64-mingw32/bin/../lib/gcc/nios2-elf/5.3.0/../../../../../H-x86_64-mingw32/nios2-elf/lib/mno-hw-mul\libc.a(lib_a-__atexit.o)
 .data          0x00000000000095cc        0x0 d:/programs/maximator18.1/nios2eds/bin/gnu/h-x86_64-mingw32/bin/../lib/gcc/nios2-elf/5.3.0/../../../../../H-x86_64-mingw32/nios2-elf/lib/mno-hw-mul\libc.a(lib_a-__call_atexit.o)
 .data          0x00000000000095cc        0x0 d:/programs/maximator18.1/nios2eds/bin/gnu/h-x86_64-mingw32/bin/../lib/gcc/nios2-elf/5.3.0/mno-hw-mul\libgcc.a(lib2-mul.o)
 .data          0x00000000000095cc        0x0 D:/Dokumenty/Pulpit/programming_stuff/projekty_wersje_ostateczne/PongFPGA/Source/Software/PongFPGA_bsp/\libhal_bsp.a(alt_exit.o)
                0x00000000000115cc                _gp = ABSOLUTE ((. + 0x8000))
                [!provide]                        PROVIDE (gp, _gp)
 *(.rwdata .rwdata.*)
 *(.sdata .sdata.* .gnu.linkonce.s.*)
 .sdata         0x00000000000095cc        0x4 D:/Dokumenty/Pulpit/programming_stuff/projekty_wersje_ostateczne/PongFPGA/Source/Software/PongFPGA_bsp/\libhal_bsp.a(alt_irq_vars.o)
                0x00000000000095cc                alt_priority_mask
 .sdata         0x00000000000095d0       0x14 D:/Dokumenty/Pulpit/programming_stuff/projekty_wersje_ostateczne/PongFPGA/Source/Software/PongFPGA_bsp/\libhal_bsp.a(alt_dev.o)
                0x00000000000095d0                alt_fs_list
                0x00000000000095d8                alt_dev_list
                0x00000000000095e0                alt_max_fd
 .sdata         0x00000000000095e4        0x4 D:/Dokumenty/Pulpit/programming_stuff/projekty_wersje_ostateczne/PongFPGA/Source/Software/PongFPGA_bsp/\libhal_bsp.a(alt_errno.o)
                0x00000000000095e4                alt_errno
 .sdata._global_impure_ptr
                0x00000000000095e8        0x4 d:/programs/maximator18.1/nios2eds/bin/gnu/h-x86_64-mingw32/bin/../lib/gcc/nios2-elf/5.3.0/../../../../../H-x86_64-mingw32/nios2-elf/lib/mno-hw-mul\libc.a(lib_a-impure.o)
                0x00000000000095e8                _global_impure_ptr
 .sdata._impure_ptr
                0x00000000000095ec        0x4 d:/programs/maximator18.1/nios2eds/bin/gnu/h-x86_64-mingw32/bin/../lib/gcc/nios2-elf/5.3.0/../../../../../H-x86_64-mingw32/nios2-elf/lib/mno-hw-mul\libc.a(lib_a-impure.o)
                0x00000000000095ec                _impure_ptr
 *(.sdata2 .sdata2.* .gnu.linkonce.s2.*)
                0x00000000000095f0                . = ALIGN (0x4)
                0x00000000000095f0                _edata = ABSOLUTE (.)
                [!provide]                        PROVIDE (edata, ABSOLUTE (.))
                0x00000000000095f0                PROVIDE (__ram_rwdata_end, ABSOLUTE (.))
                0x00000000000095f0                PROVIDE (__flash_rwdata_start, LOADADDR (.rwdata))

.bss            0x0000000000009be0      0x11c
                0x0000000000009be0                __bss_start = ABSOLUTE (.)
                [!provide]                        PROVIDE (__sbss_start, ABSOLUTE (.))
                [!provide]                        PROVIDE (___sbss_start, ABSOLUTE (.))
 *(.dynsbss)
 *(.sbss .sbss.* .gnu.linkonce.sb.*)
 .sbss          0x0000000000009be0        0x3 obj/default/main.o
                0x0000000000009be0                pos
 *fill*         0x0000000000009be3        0x1 
 .sbss          0x0000000000009be4        0x4 D:/Dokumenty/Pulpit/programming_stuff/projekty_wersje_ostateczne/PongFPGA/Source/Software/PongFPGA_bsp/\libhal_bsp.a(alt_irq_vars.o)
                0x0000000000009be4                alt_irq_active
 .sbss          0x0000000000009be8        0xc D:/Dokumenty/Pulpit/programming_stuff/projekty_wersje_ostateczne/PongFPGA/Source/Software/PongFPGA_bsp/\libhal_bsp.a(alt_main.o)
                0x0000000000009be8                alt_argc
                0x0000000000009bec                alt_argv
                0x0000000000009bf0                alt_envp
 .sbss          0x0000000000009bf4        0x4 D:/Dokumenty/Pulpit/programming_stuff/projekty_wersje_ostateczne/PongFPGA/Source/Software/PongFPGA_bsp/\libhal_bsp.a(alt_instruction_exception_entry.o)
                0x0000000000009bf4                alt_instruction_exception_handler
 .sbss          0x0000000000009bf8        0x4 d:/programs/maximator18.1/nios2eds/bin/gnu/h-x86_64-mingw32/bin/../lib/gcc/nios2-elf/5.3.0/../../../../../H-x86_64-mingw32/nios2-elf/lib/mno-hw-mul\libc.a(lib_a-int_errno.o)
                0x0000000000009bf8                errno
 *(.sbss2 .sbss2.* .gnu.linkonce.sb2.*)
 *(.scommon)
                [!provide]                        PROVIDE (__sbss_end, ABSOLUTE (.))
                [!provide]                        PROVIDE (___sbss_end, ABSOLUTE (.))
 *(.dynbss)
 *(.bss .bss.* .gnu.linkonce.b.*)
 .bss           0x0000000000009bfc        0x0 D:/Dokumenty/Pulpit/programming_stuff/projekty_wersje_ostateczne/PongFPGA/Source/Software/PongFPGA_bsp//obj/HAL/src/crt0.o
 .bss           0x0000000000009bfc        0x0 obj/default/main.o
 .bss           0x0000000000009bfc        0x0 D:/Dokumenty/Pulpit/programming_stuff/projekty_wersje_ostateczne/PongFPGA/Source/Software/PongFPGA_bsp/\libhal_bsp.a(alt_iic.o)
 .bss           0x0000000000009bfc        0x0 D:/Dokumenty/Pulpit/programming_stuff/projekty_wersje_ostateczne/PongFPGA/Source/Software/PongFPGA_bsp/\libhal_bsp.a(alt_iic_isr_register.o)
 .bss           0x0000000000009bfc        0x0 D:/Dokumenty/Pulpit/programming_stuff/projekty_wersje_ostateczne/PongFPGA/Source/Software/PongFPGA_bsp/\libhal_bsp.a(alt_irq_entry.o)
 .bss           0x0000000000009bfc        0x0 D:/Dokumenty/Pulpit/programming_stuff/projekty_wersje_ostateczne/PongFPGA/Source/Software/PongFPGA_bsp/\libhal_bsp.a(alt_irq_handler.o)
 .bss           0x0000000000009bfc        0x0 D:/Dokumenty/Pulpit/programming_stuff/projekty_wersje_ostateczne/PongFPGA/Source/Software/PongFPGA_bsp/\libhal_bsp.a(alt_irq_vars.o)
 .bss           0x0000000000009bfc        0x0 D:/Dokumenty/Pulpit/programming_stuff/projekty_wersje_ostateczne/PongFPGA/Source/Software/PongFPGA_bsp/\libhal_bsp.a(alt_load.o)
 .bss           0x0000000000009bfc        0x0 D:/Dokumenty/Pulpit/programming_stuff/projekty_wersje_ostateczne/PongFPGA/Source/Software/PongFPGA_bsp/\libhal_bsp.a(alt_main.o)
 .bss           0x0000000000009bfc        0x0 D:/Dokumenty/Pulpit/programming_stuff/projekty_wersje_ostateczne/PongFPGA/Source/Software/PongFPGA_bsp/\libhal_bsp.a(alt_sys_init.o)
 .bss           0x0000000000009bfc        0x0 D:/Dokumenty/Pulpit/programming_stuff/projekty_wersje_ostateczne/PongFPGA/Source/Software/PongFPGA_bsp/\libhal_bsp.a(alt_close.o)
 .bss           0x0000000000009bfc        0x0 D:/Dokumenty/Pulpit/programming_stuff/projekty_wersje_ostateczne/PongFPGA/Source/Software/PongFPGA_bsp/\libhal_bsp.a(alt_dcache_flush_all.o)
 .bss           0x0000000000009bfc        0x0 D:/Dokumenty/Pulpit/programming_stuff/projekty_wersje_ostateczne/PongFPGA/Source/Software/PongFPGA_bsp/\libhal_bsp.a(alt_dev.o)
 .bss           0x0000000000009bfc        0x0 D:/Dokumenty/Pulpit/programming_stuff/projekty_wersje_ostateczne/PongFPGA/Source/Software/PongFPGA_bsp/\libhal_bsp.a(alt_do_ctors.o)
 .bss           0x0000000000009bfc        0x0 D:/Dokumenty/Pulpit/programming_stuff/projekty_wersje_ostateczne/PongFPGA/Source/Software/PongFPGA_bsp/\libhal_bsp.a(alt_do_dtors.o)
 .bss           0x0000000000009bfc        0x0 D:/Dokumenty/Pulpit/programming_stuff/projekty_wersje_ostateczne/PongFPGA/Source/Software/PongFPGA_bsp/\libhal_bsp.a(alt_errno.o)
 .bss           0x0000000000009bfc        0x0 D:/Dokumenty/Pulpit/programming_stuff/projekty_wersje_ostateczne/PongFPGA/Source/Software/PongFPGA_bsp/\libhal_bsp.a(alt_exception_entry.o)
 .bss           0x0000000000009bfc        0x0 D:/Dokumenty/Pulpit/programming_stuff/projekty_wersje_ostateczne/PongFPGA/Source/Software/PongFPGA_bsp/\libhal_bsp.a(alt_icache_flush_all.o)
 .bss           0x0000000000009bfc        0x0 D:/Dokumenty/Pulpit/programming_stuff/projekty_wersje_ostateczne/PongFPGA/Source/Software/PongFPGA_bsp/\libhal_bsp.a(alt_instruction_exception_entry.o)
 .bss           0x0000000000009bfc        0x0 D:/Dokumenty/Pulpit/programming_stuff/projekty_wersje_ostateczne/PongFPGA/Source/Software/PongFPGA_bsp/\libhal_bsp.a(alt_release_fd.o)
 .bss           0x0000000000009bfc        0x0 D:/Dokumenty/Pulpit/programming_stuff/projekty_wersje_ostateczne/PongFPGA/Source/Software/PongFPGA_bsp/\libhal_bsp.a(altera_nios2_gen2_irq.o)
 .bss           0x0000000000009bfc        0x0 d:/programs/maximator18.1/nios2eds/bin/gnu/h-x86_64-mingw32/bin/../lib/gcc/nios2-elf/5.3.0/../../../../../H-x86_64-mingw32/nios2-elf/lib/mno-hw-mul\libc.a(lib_a-atexit.o)
 .bss           0x0000000000009bfc        0x0 d:/programs/maximator18.1/nios2eds/bin/gnu/h-x86_64-mingw32/bin/../lib/gcc/nios2-elf/5.3.0/../../../../../H-x86_64-mingw32/nios2-elf/lib/mno-hw-mul\libc.a(lib_a-exit.o)
 .bss           0x0000000000009bfc        0x0 d:/programs/maximator18.1/nios2eds/bin/gnu/h-x86_64-mingw32/bin/../lib/gcc/nios2-elf/5.3.0/../../../../../H-x86_64-mingw32/nios2-elf/lib/mno-hw-mul\libc.a(lib_a-impure.o)
 .bss           0x0000000000009bfc        0x0 d:/programs/maximator18.1/nios2eds/bin/gnu/h-x86_64-mingw32/bin/../lib/gcc/nios2-elf/5.3.0/../../../../../H-x86_64-mingw32/nios2-elf/lib/mno-hw-mul\libc.a(lib_a-int_errno.o)
 .bss           0x0000000000009bfc        0x0 d:/programs/maximator18.1/nios2eds/bin/gnu/h-x86_64-mingw32/bin/../lib/gcc/nios2-elf/5.3.0/../../../../../H-x86_64-mingw32/nios2-elf/lib/mno-hw-mul\libc.a(lib_a-__atexit.o)
 .bss           0x0000000000009bfc        0x0 d:/programs/maximator18.1/nios2eds/bin/gnu/h-x86_64-mingw32/bin/../lib/gcc/nios2-elf/5.3.0/../../../../../H-x86_64-mingw32/nios2-elf/lib/mno-hw-mul\libc.a(lib_a-__call_atexit.o)
 .bss           0x0000000000009bfc        0x0 d:/programs/maximator18.1/nios2eds/bin/gnu/h-x86_64-mingw32/bin/../lib/gcc/nios2-elf/5.3.0/mno-hw-mul\libgcc.a(lib2-mul.o)
 .bss           0x0000000000009bfc        0x0 D:/Dokumenty/Pulpit/programming_stuff/projekty_wersje_ostateczne/PongFPGA/Source/Software/PongFPGA_bsp/\libhal_bsp.a(alt_exit.o)
 *(COMMON)
 COMMON         0x0000000000009bfc      0x100 D:/Dokumenty/Pulpit/programming_stuff/projekty_wersje_ostateczne/PongFPGA/Source/Software/PongFPGA_bsp/\libhal_bsp.a(alt_irq_handler.o)
                0x0000000000009bfc                alt_irq
                0x0000000000009cfc                . = ALIGN (0x4)
                0x0000000000009cfc                __bss_end = ABSOLUTE (.)

.VRAM           0x0000000000000000        0x0 load address 0x0000000000009cfc
                [!provide]                        PROVIDE (_alt_partition_VRAM_start, ABSOLUTE (.))
 *(.VRAM .VRAM. VRAM.*)
                0x0000000000000000                . = ALIGN (0x4)
                [!provide]                        PROVIDE (_alt_partition_VRAM_end, ABSOLUTE (.))
                [!provide]                        PROVIDE (_alt_partition_VRAM_load_addr, LOADADDR (.VRAM))

.RAM            0x0000000000009cfc        0x0
                [!provide]                        PROVIDE (_alt_partition_RAM_start, ABSOLUTE (.))
 *(.RAM .RAM. RAM.*)
                0x0000000000009cfc                . = ALIGN (0x4)
                [!provide]                        PROVIDE (_alt_partition_RAM_end, ABSOLUTE (.))
                0x0000000000009cfc                _end = ABSOLUTE (.)
                0x0000000000009cfc                end = ABSOLUTE (.)
                0x0000000000009cfc                __alt_stack_base = ABSOLUTE (.)
                [!provide]                        PROVIDE (_alt_partition_RAM_load_addr, LOADADDR (.RAM))

.stab
 *(.stab)

.stabstr
 *(.stabstr)

.stab.excl
 *(.stab.excl)

.stab.exclstr
 *(.stab.exclstr)

.stab.index
 *(.stab.index)

.stab.indexstr
 *(.stab.indexstr)

.comment        0x0000000000000000       0x23
 *(.comment)
 .comment       0x0000000000000000       0x23 obj/default/main.o
                                         0x24 (size before relaxing)
 .comment       0x0000000000000023       0x24 D:/Dokumenty/Pulpit/programming_stuff/projekty_wersje_ostateczne/PongFPGA/Source/Software/PongFPGA_bsp/\libhal_bsp.a(alt_iic.o)
 .comment       0x0000000000000023       0x24 D:/Dokumenty/Pulpit/programming_stuff/projekty_wersje_ostateczne/PongFPGA/Source/Software/PongFPGA_bsp/\libhal_bsp.a(alt_iic_isr_register.o)
 .comment       0x0000000000000023       0x24 D:/Dokumenty/Pulpit/programming_stuff/projekty_wersje_ostateczne/PongFPGA/Source/Software/PongFPGA_bsp/\libhal_bsp.a(alt_irq_handler.o)
 .comment       0x0000000000000023       0x24 D:/Dokumenty/Pulpit/programming_stuff/projekty_wersje_ostateczne/PongFPGA/Source/Software/PongFPGA_bsp/\libhal_bsp.a(alt_irq_vars.o)
 .comment       0x0000000000000023       0x24 D:/Dokumenty/Pulpit/programming_stuff/projekty_wersje_ostateczne/PongFPGA/Source/Software/PongFPGA_bsp/\libhal_bsp.a(alt_load.o)
 .comment       0x0000000000000023       0x24 D:/Dokumenty/Pulpit/programming_stuff/projekty_wersje_ostateczne/PongFPGA/Source/Software/PongFPGA_bsp/\libhal_bsp.a(alt_main.o)
 .comment       0x0000000000000023       0x24 D:/Dokumenty/Pulpit/programming_stuff/projekty_wersje_ostateczne/PongFPGA/Source/Software/PongFPGA_bsp/\libhal_bsp.a(alt_sys_init.o)
 .comment       0x0000000000000023       0x24 D:/Dokumenty/Pulpit/programming_stuff/projekty_wersje_ostateczne/PongFPGA/Source/Software/PongFPGA_bsp/\libhal_bsp.a(alt_close.o)
 .comment       0x0000000000000023       0x24 D:/Dokumenty/Pulpit/programming_stuff/projekty_wersje_ostateczne/PongFPGA/Source/Software/PongFPGA_bsp/\libhal_bsp.a(alt_dcache_flush_all.o)
 .comment       0x0000000000000023       0x24 D:/Dokumenty/Pulpit/programming_stuff/projekty_wersje_ostateczne/PongFPGA/Source/Software/PongFPGA_bsp/\libhal_bsp.a(alt_dev.o)
 .comment       0x0000000000000023       0x24 D:/Dokumenty/Pulpit/programming_stuff/projekty_wersje_ostateczne/PongFPGA/Source/Software/PongFPGA_bsp/\libhal_bsp.a(alt_do_ctors.o)
 .comment       0x0000000000000023       0x24 D:/Dokumenty/Pulpit/programming_stuff/projekty_wersje_ostateczne/PongFPGA/Source/Software/PongFPGA_bsp/\libhal_bsp.a(alt_do_dtors.o)
 .comment       0x0000000000000023       0x24 D:/Dokumenty/Pulpit/programming_stuff/projekty_wersje_ostateczne/PongFPGA/Source/Software/PongFPGA_bsp/\libhal_bsp.a(alt_errno.o)
 .comment       0x0000000000000023       0x24 D:/Dokumenty/Pulpit/programming_stuff/projekty_wersje_ostateczne/PongFPGA/Source/Software/PongFPGA_bsp/\libhal_bsp.a(alt_icache_flush_all.o)
 .comment       0x0000000000000023       0x24 D:/Dokumenty/Pulpit/programming_stuff/projekty_wersje_ostateczne/PongFPGA/Source/Software/PongFPGA_bsp/\libhal_bsp.a(alt_instruction_exception_entry.o)
 .comment       0x0000000000000023       0x24 D:/Dokumenty/Pulpit/programming_stuff/projekty_wersje_ostateczne/PongFPGA/Source/Software/PongFPGA_bsp/\libhal_bsp.a(alt_release_fd.o)
 .comment       0x0000000000000023       0x24 D:/Dokumenty/Pulpit/programming_stuff/projekty_wersje_ostateczne/PongFPGA/Source/Software/PongFPGA_bsp/\libhal_bsp.a(altera_nios2_gen2_irq.o)
 .comment       0x0000000000000023       0x24 d:/programs/maximator18.1/nios2eds/bin/gnu/h-x86_64-mingw32/bin/../lib/gcc/nios2-elf/5.3.0/../../../../../H-x86_64-mingw32/nios2-elf/lib/mno-hw-mul\libc.a(lib_a-atexit.o)
 .comment       0x0000000000000023       0x24 d:/programs/maximator18.1/nios2eds/bin/gnu/h-x86_64-mingw32/bin/../lib/gcc/nios2-elf/5.3.0/../../../../../H-x86_64-mingw32/nios2-elf/lib/mno-hw-mul\libc.a(lib_a-exit.o)
 .comment       0x0000000000000023       0x24 d:/programs/maximator18.1/nios2eds/bin/gnu/h-x86_64-mingw32/bin/../lib/gcc/nios2-elf/5.3.0/../../../../../H-x86_64-mingw32/nios2-elf/lib/mno-hw-mul\libc.a(lib_a-impure.o)
 .comment       0x0000000000000023       0x24 d:/programs/maximator18.1/nios2eds/bin/gnu/h-x86_64-mingw32/bin/../lib/gcc/nios2-elf/5.3.0/../../../../../H-x86_64-mingw32/nios2-elf/lib/mno-hw-mul\libc.a(lib_a-int_errno.o)
 .comment       0x0000000000000023       0x24 d:/programs/maximator18.1/nios2eds/bin/gnu/h-x86_64-mingw32/bin/../lib/gcc/nios2-elf/5.3.0/../../../../../H-x86_64-mingw32/nios2-elf/lib/mno-hw-mul\libc.a(lib_a-__atexit.o)
 .comment       0x0000000000000023       0x24 d:/programs/maximator18.1/nios2eds/bin/gnu/h-x86_64-mingw32/bin/../lib/gcc/nios2-elf/5.3.0/../../../../../H-x86_64-mingw32/nios2-elf/lib/mno-hw-mul\libc.a(lib_a-__call_atexit.o)
 .comment       0x0000000000000023       0x24 d:/programs/maximator18.1/nios2eds/bin/gnu/h-x86_64-mingw32/bin/../lib/gcc/nios2-elf/5.3.0/mno-hw-mul\libgcc.a(lib2-mul.o)
 .comment       0x0000000000000023       0x24 D:/Dokumenty/Pulpit/programming_stuff/projekty_wersje_ostateczne/PongFPGA/Source/Software/PongFPGA_bsp/\libhal_bsp.a(alt_exit.o)

.debug
 *(.debug)

.line
 *(.line)

.debug_srcinfo
 *(.debug_srcinfo)

.debug_sfnames
 *(.debug_sfnames)

.debug_aranges  0x0000000000000000      0x3b8
 *(.debug_aranges)
 .debug_aranges
                0x0000000000000000       0x28 D:/Dokumenty/Pulpit/programming_stuff/projekty_wersje_ostateczne/PongFPGA/Source/Software/PongFPGA_bsp//obj/HAL/src/crt0.o
 .debug_aranges
                0x0000000000000028       0x20 obj/default/main.o
 .debug_aranges
                0x0000000000000048       0x20 D:/Dokumenty/Pulpit/programming_stuff/projekty_wersje_ostateczne/PongFPGA/Source/Software/PongFPGA_bsp/\libhal_bsp.a(alt_iic.o)
 .debug_aranges
                0x0000000000000068       0x20 D:/Dokumenty/Pulpit/programming_stuff/projekty_wersje_ostateczne/PongFPGA/Source/Software/PongFPGA_bsp/\libhal_bsp.a(alt_iic_isr_register.o)
 .debug_aranges
                0x0000000000000088       0x30 D:/Dokumenty/Pulpit/programming_stuff/projekty_wersje_ostateczne/PongFPGA/Source/Software/PongFPGA_bsp/\libhal_bsp.a(alt_irq_entry.o)
 .debug_aranges
                0x00000000000000b8       0x20 D:/Dokumenty/Pulpit/programming_stuff/projekty_wersje_ostateczne/PongFPGA/Source/Software/PongFPGA_bsp/\libhal_bsp.a(alt_irq_handler.o)
 .debug_aranges
                0x00000000000000d8       0x18 D:/Dokumenty/Pulpit/programming_stuff/projekty_wersje_ostateczne/PongFPGA/Source/Software/PongFPGA_bsp/\libhal_bsp.a(alt_irq_vars.o)
 .debug_aranges
                0x00000000000000f0       0x20 D:/Dokumenty/Pulpit/programming_stuff/projekty_wersje_ostateczne/PongFPGA/Source/Software/PongFPGA_bsp/\libhal_bsp.a(alt_load.o)
 .debug_aranges
                0x0000000000000110       0x20 D:/Dokumenty/Pulpit/programming_stuff/projekty_wersje_ostateczne/PongFPGA/Source/Software/PongFPGA_bsp/\libhal_bsp.a(alt_main.o)
 .debug_aranges
                0x0000000000000130       0x20 D:/Dokumenty/Pulpit/programming_stuff/projekty_wersje_ostateczne/PongFPGA/Source/Software/PongFPGA_bsp/\libhal_bsp.a(alt_sys_init.o)
 .debug_aranges
                0x0000000000000150       0x20 D:/Dokumenty/Pulpit/programming_stuff/projekty_wersje_ostateczne/PongFPGA/Source/Software/PongFPGA_bsp/\libhal_bsp.a(alt_close.o)
 .debug_aranges
                0x0000000000000170       0x20 D:/Dokumenty/Pulpit/programming_stuff/projekty_wersje_ostateczne/PongFPGA/Source/Software/PongFPGA_bsp/\libhal_bsp.a(alt_dcache_flush_all.o)
 .debug_aranges
                0x0000000000000190       0x20 D:/Dokumenty/Pulpit/programming_stuff/projekty_wersje_ostateczne/PongFPGA/Source/Software/PongFPGA_bsp/\libhal_bsp.a(alt_dev.o)
 .debug_aranges
                0x00000000000001b0       0x20 D:/Dokumenty/Pulpit/programming_stuff/projekty_wersje_ostateczne/PongFPGA/Source/Software/PongFPGA_bsp/\libhal_bsp.a(alt_do_ctors.o)
 .debug_aranges
                0x00000000000001d0       0x20 D:/Dokumenty/Pulpit/programming_stuff/projekty_wersje_ostateczne/PongFPGA/Source/Software/PongFPGA_bsp/\libhal_bsp.a(alt_do_dtors.o)
 .debug_aranges
                0x00000000000001f0       0x18 D:/Dokumenty/Pulpit/programming_stuff/projekty_wersje_ostateczne/PongFPGA/Source/Software/PongFPGA_bsp/\libhal_bsp.a(alt_errno.o)
 .debug_aranges
                0x0000000000000208       0x38 D:/Dokumenty/Pulpit/programming_stuff/projekty_wersje_ostateczne/PongFPGA/Source/Software/PongFPGA_bsp/\libhal_bsp.a(alt_exception_entry.o)
 .debug_aranges
                0x0000000000000240       0x20 D:/Dokumenty/Pulpit/programming_stuff/projekty_wersje_ostateczne/PongFPGA/Source/Software/PongFPGA_bsp/\libhal_bsp.a(alt_icache_flush_all.o)
 .debug_aranges
                0x0000000000000260       0x28 D:/Dokumenty/Pulpit/programming_stuff/projekty_wersje_ostateczne/PongFPGA/Source/Software/PongFPGA_bsp/\libhal_bsp.a(alt_instruction_exception_entry.o)
 .debug_aranges
                0x0000000000000288       0x20 D:/Dokumenty/Pulpit/programming_stuff/projekty_wersje_ostateczne/PongFPGA/Source/Software/PongFPGA_bsp/\libhal_bsp.a(alt_release_fd.o)
 .debug_aranges
                0x00000000000002a8       0x20 D:/Dokumenty/Pulpit/programming_stuff/projekty_wersje_ostateczne/PongFPGA/Source/Software/PongFPGA_bsp/\libhal_bsp.a(altera_nios2_gen2_irq.o)
 .debug_aranges
                0x00000000000002c8       0x20 d:/programs/maximator18.1/nios2eds/bin/gnu/h-x86_64-mingw32/bin/../lib/gcc/nios2-elf/5.3.0/../../../../../H-x86_64-mingw32/nios2-elf/lib/mno-hw-mul\libc.a(lib_a-atexit.o)
 .debug_aranges
                0x00000000000002e8       0x20 d:/programs/maximator18.1/nios2eds/bin/gnu/h-x86_64-mingw32/bin/../lib/gcc/nios2-elf/5.3.0/../../../../../H-x86_64-mingw32/nios2-elf/lib/mno-hw-mul\libc.a(lib_a-exit.o)
 .debug_aranges
                0x0000000000000308       0x18 d:/programs/maximator18.1/nios2eds/bin/gnu/h-x86_64-mingw32/bin/../lib/gcc/nios2-elf/5.3.0/../../../../../H-x86_64-mingw32/nios2-elf/lib/mno-hw-mul\libc.a(lib_a-impure.o)
 .debug_aranges
                0x0000000000000320       0x18 d:/programs/maximator18.1/nios2eds/bin/gnu/h-x86_64-mingw32/bin/../lib/gcc/nios2-elf/5.3.0/../../../../../H-x86_64-mingw32/nios2-elf/lib/mno-hw-mul\libc.a(lib_a-int_errno.o)
 .debug_aranges
                0x0000000000000338       0x20 d:/programs/maximator18.1/nios2eds/bin/gnu/h-x86_64-mingw32/bin/../lib/gcc/nios2-elf/5.3.0/../../../../../H-x86_64-mingw32/nios2-elf/lib/mno-hw-mul\libc.a(lib_a-__atexit.o)
 .debug_aranges
                0x0000000000000358       0x20 d:/programs/maximator18.1/nios2eds/bin/gnu/h-x86_64-mingw32/bin/../lib/gcc/nios2-elf/5.3.0/../../../../../H-x86_64-mingw32/nios2-elf/lib/mno-hw-mul\libc.a(lib_a-__call_atexit.o)
 .debug_aranges
                0x0000000000000378       0x20 d:/programs/maximator18.1/nios2eds/bin/gnu/h-x86_64-mingw32/bin/../lib/gcc/nios2-elf/5.3.0/mno-hw-mul\libgcc.a(lib2-mul.o)
 .debug_aranges
                0x0000000000000398       0x20 D:/Dokumenty/Pulpit/programming_stuff/projekty_wersje_ostateczne/PongFPGA/Source/Software/PongFPGA_bsp/\libhal_bsp.a(alt_exit.o)

.debug_pubnames
 *(.debug_pubnames)

.debug_info     0x0000000000000000     0x457a
 *(.debug_info .gnu.linkonce.wi.*)
 .debug_info    0x0000000000000000       0x9b D:/Dokumenty/Pulpit/programming_stuff/projekty_wersje_ostateczne/PongFPGA/Source/Software/PongFPGA_bsp//obj/HAL/src/crt0.o
 .debug_info    0x000000000000009b      0x199 obj/default/main.o
 .debug_info    0x0000000000000234      0x350 D:/Dokumenty/Pulpit/programming_stuff/projekty_wersje_ostateczne/PongFPGA/Source/Software/PongFPGA_bsp/\libhal_bsp.a(alt_iic.o)
 .debug_info    0x0000000000000584      0x1ef D:/Dokumenty/Pulpit/programming_stuff/projekty_wersje_ostateczne/PongFPGA/Source/Software/PongFPGA_bsp/\libhal_bsp.a(alt_iic_isr_register.o)
 .debug_info    0x0000000000000773       0xa4 D:/Dokumenty/Pulpit/programming_stuff/projekty_wersje_ostateczne/PongFPGA/Source/Software/PongFPGA_bsp/\libhal_bsp.a(alt_irq_entry.o)
 .debug_info    0x0000000000000817      0x187 D:/Dokumenty/Pulpit/programming_stuff/projekty_wersje_ostateczne/PongFPGA/Source/Software/PongFPGA_bsp/\libhal_bsp.a(alt_irq_handler.o)
 .debug_info    0x000000000000099e       0x88 D:/Dokumenty/Pulpit/programming_stuff/projekty_wersje_ostateczne/PongFPGA/Source/Software/PongFPGA_bsp/\libhal_bsp.a(alt_irq_vars.o)
 .debug_info    0x0000000000000a26      0x145 D:/Dokumenty/Pulpit/programming_stuff/projekty_wersje_ostateczne/PongFPGA/Source/Software/PongFPGA_bsp/\libhal_bsp.a(alt_load.o)
 .debug_info    0x0000000000000b6b      0x131 D:/Dokumenty/Pulpit/programming_stuff/projekty_wersje_ostateczne/PongFPGA/Source/Software/PongFPGA_bsp/\libhal_bsp.a(alt_main.o)
 .debug_info    0x0000000000000c9c      0x138 D:/Dokumenty/Pulpit/programming_stuff/projekty_wersje_ostateczne/PongFPGA/Source/Software/PongFPGA_bsp/\libhal_bsp.a(alt_sys_init.o)
 .debug_info    0x0000000000000dd4      0x321 D:/Dokumenty/Pulpit/programming_stuff/projekty_wersje_ostateczne/PongFPGA/Source/Software/PongFPGA_bsp/\libhal_bsp.a(alt_close.o)
 .debug_info    0x00000000000010f5       0x92 D:/Dokumenty/Pulpit/programming_stuff/projekty_wersje_ostateczne/PongFPGA/Source/Software/PongFPGA_bsp/\libhal_bsp.a(alt_dcache_flush_all.o)
 .debug_info    0x0000000000001187      0x49c D:/Dokumenty/Pulpit/programming_stuff/projekty_wersje_ostateczne/PongFPGA/Source/Software/PongFPGA_bsp/\libhal_bsp.a(alt_dev.o)
 .debug_info    0x0000000000001623       0x83 D:/Dokumenty/Pulpit/programming_stuff/projekty_wersje_ostateczne/PongFPGA/Source/Software/PongFPGA_bsp/\libhal_bsp.a(alt_do_ctors.o)
 .debug_info    0x00000000000016a6       0x83 D:/Dokumenty/Pulpit/programming_stuff/projekty_wersje_ostateczne/PongFPGA/Source/Software/PongFPGA_bsp/\libhal_bsp.a(alt_do_dtors.o)
 .debug_info    0x0000000000001729       0xa6 D:/Dokumenty/Pulpit/programming_stuff/projekty_wersje_ostateczne/PongFPGA/Source/Software/PongFPGA_bsp/\libhal_bsp.a(alt_errno.o)
 .debug_info    0x00000000000017cf       0xaa D:/Dokumenty/Pulpit/programming_stuff/projekty_wersje_ostateczne/PongFPGA/Source/Software/PongFPGA_bsp/\libhal_bsp.a(alt_exception_entry.o)
 .debug_info    0x0000000000001879       0x92 D:/Dokumenty/Pulpit/programming_stuff/projekty_wersje_ostateczne/PongFPGA/Source/Software/PongFPGA_bsp/\libhal_bsp.a(alt_icache_flush_all.o)
 .debug_info    0x000000000000190b      0x1e7 D:/Dokumenty/Pulpit/programming_stuff/projekty_wersje_ostateczne/PongFPGA/Source/Software/PongFPGA_bsp/\libhal_bsp.a(alt_instruction_exception_entry.o)
 .debug_info    0x0000000000001af2      0x2b0 D:/Dokumenty/Pulpit/programming_stuff/projekty_wersje_ostateczne/PongFPGA/Source/Software/PongFPGA_bsp/\libhal_bsp.a(alt_release_fd.o)
 .debug_info    0x0000000000001da2       0x92 D:/Dokumenty/Pulpit/programming_stuff/projekty_wersje_ostateczne/PongFPGA/Source/Software/PongFPGA_bsp/\libhal_bsp.a(altera_nios2_gen2_irq.o)
 .debug_info    0x0000000000001e34       0xfe d:/programs/maximator18.1/nios2eds/bin/gnu/h-x86_64-mingw32/bin/../lib/gcc/nios2-elf/5.3.0/../../../../../H-x86_64-mingw32/nios2-elf/lib/mno-hw-mul\libc.a(lib_a-atexit.o)
 .debug_info    0x0000000000001f32      0x8e4 d:/programs/maximator18.1/nios2eds/bin/gnu/h-x86_64-mingw32/bin/../lib/gcc/nios2-elf/5.3.0/../../../../../H-x86_64-mingw32/nios2-elf/lib/mno-hw-mul\libc.a(lib_a-exit.o)
 .debug_info    0x0000000000002816      0x8a1 d:/programs/maximator18.1/nios2eds/bin/gnu/h-x86_64-mingw32/bin/../lib/gcc/nios2-elf/5.3.0/../../../../../H-x86_64-mingw32/nios2-elf/lib/mno-hw-mul\libc.a(lib_a-impure.o)
 .debug_info    0x00000000000030b7       0x8a d:/programs/maximator18.1/nios2eds/bin/gnu/h-x86_64-mingw32/bin/../lib/gcc/nios2-elf/5.3.0/../../../../../H-x86_64-mingw32/nios2-elf/lib/mno-hw-mul\libc.a(lib_a-int_errno.o)
 .debug_info    0x0000000000003141      0x934 d:/programs/maximator18.1/nios2eds/bin/gnu/h-x86_64-mingw32/bin/../lib/gcc/nios2-elf/5.3.0/../../../../../H-x86_64-mingw32/nios2-elf/lib/mno-hw-mul\libc.a(lib_a-__atexit.o)
 .debug_info    0x0000000000003a75      0x965 d:/programs/maximator18.1/nios2eds/bin/gnu/h-x86_64-mingw32/bin/../lib/gcc/nios2-elf/5.3.0/../../../../../H-x86_64-mingw32/nios2-elf/lib/mno-hw-mul\libc.a(lib_a-__call_atexit.o)
 .debug_info    0x00000000000043da       0xb4 d:/programs/maximator18.1/nios2eds/bin/gnu/h-x86_64-mingw32/bin/../lib/gcc/nios2-elf/5.3.0/mno-hw-mul\libgcc.a(lib2-mul.o)
 .debug_info    0x000000000000448e       0xec D:/Dokumenty/Pulpit/programming_stuff/projekty_wersje_ostateczne/PongFPGA/Source/Software/PongFPGA_bsp/\libhal_bsp.a(alt_exit.o)

.debug_abbrev   0x0000000000000000     0x16ec
 *(.debug_abbrev)
 .debug_abbrev  0x0000000000000000       0x12 D:/Dokumenty/Pulpit/programming_stuff/projekty_wersje_ostateczne/PongFPGA/Source/Software/PongFPGA_bsp//obj/HAL/src/crt0.o
 .debug_abbrev  0x0000000000000012       0xd8 obj/default/main.o
 .debug_abbrev  0x00000000000000ea      0x163 D:/Dokumenty/Pulpit/programming_stuff/projekty_wersje_ostateczne/PongFPGA/Source/Software/PongFPGA_bsp/\libhal_bsp.a(alt_iic.o)
 .debug_abbrev  0x000000000000024d      0x169 D:/Dokumenty/Pulpit/programming_stuff/projekty_wersje_ostateczne/PongFPGA/Source/Software/PongFPGA_bsp/\libhal_bsp.a(alt_iic_isr_register.o)
 .debug_abbrev  0x00000000000003b6       0x12 D:/Dokumenty/Pulpit/programming_stuff/projekty_wersje_ostateczne/PongFPGA/Source/Software/PongFPGA_bsp/\libhal_bsp.a(alt_irq_entry.o)
 .debug_abbrev  0x00000000000003c8      0x122 D:/Dokumenty/Pulpit/programming_stuff/projekty_wersje_ostateczne/PongFPGA/Source/Software/PongFPGA_bsp/\libhal_bsp.a(alt_irq_handler.o)
 .debug_abbrev  0x00000000000004ea       0x40 D:/Dokumenty/Pulpit/programming_stuff/projekty_wersje_ostateczne/PongFPGA/Source/Software/PongFPGA_bsp/\libhal_bsp.a(alt_irq_vars.o)
 .debug_abbrev  0x000000000000052a       0x9f D:/Dokumenty/Pulpit/programming_stuff/projekty_wersje_ostateczne/PongFPGA/Source/Software/PongFPGA_bsp/\libhal_bsp.a(alt_load.o)
 .debug_abbrev  0x00000000000005c9       0xba D:/Dokumenty/Pulpit/programming_stuff/projekty_wersje_ostateczne/PongFPGA/Source/Software/PongFPGA_bsp/\libhal_bsp.a(alt_main.o)
 .debug_abbrev  0x0000000000000683       0xda D:/Dokumenty/Pulpit/programming_stuff/projekty_wersje_ostateczne/PongFPGA/Source/Software/PongFPGA_bsp/\libhal_bsp.a(alt_sys_init.o)
 .debug_abbrev  0x000000000000075d      0x11f D:/Dokumenty/Pulpit/programming_stuff/projekty_wersje_ostateczne/PongFPGA/Source/Software/PongFPGA_bsp/\libhal_bsp.a(alt_close.o)
 .debug_abbrev  0x000000000000087c       0x42 D:/Dokumenty/Pulpit/programming_stuff/projekty_wersje_ostateczne/PongFPGA/Source/Software/PongFPGA_bsp/\libhal_bsp.a(alt_dcache_flush_all.o)
 .debug_abbrev  0x00000000000008be       0xd9 D:/Dokumenty/Pulpit/programming_stuff/projekty_wersje_ostateczne/PongFPGA/Source/Software/PongFPGA_bsp/\libhal_bsp.a(alt_dev.o)
 .debug_abbrev  0x0000000000000997       0x79 D:/Dokumenty/Pulpit/programming_stuff/projekty_wersje_ostateczne/PongFPGA/Source/Software/PongFPGA_bsp/\libhal_bsp.a(alt_do_ctors.o)
 .debug_abbrev  0x0000000000000a10       0x79 D:/Dokumenty/Pulpit/programming_stuff/projekty_wersje_ostateczne/PongFPGA/Source/Software/PongFPGA_bsp/\libhal_bsp.a(alt_do_dtors.o)
 .debug_abbrev  0x0000000000000a89       0x5a D:/Dokumenty/Pulpit/programming_stuff/projekty_wersje_ostateczne/PongFPGA/Source/Software/PongFPGA_bsp/\libhal_bsp.a(alt_errno.o)
 .debug_abbrev  0x0000000000000ae3       0x12 D:/Dokumenty/Pulpit/programming_stuff/projekty_wersje_ostateczne/PongFPGA/Source/Software/PongFPGA_bsp/\libhal_bsp.a(alt_exception_entry.o)
 .debug_abbrev  0x0000000000000af5       0x42 D:/Dokumenty/Pulpit/programming_stuff/projekty_wersje_ostateczne/PongFPGA/Source/Software/PongFPGA_bsp/\libhal_bsp.a(alt_icache_flush_all.o)
 .debug_abbrev  0x0000000000000b37       0xdc D:/Dokumenty/Pulpit/programming_stuff/projekty_wersje_ostateczne/PongFPGA/Source/Software/PongFPGA_bsp/\libhal_bsp.a(alt_instruction_exception_entry.o)
 .debug_abbrev  0x0000000000000c13       0xde D:/Dokumenty/Pulpit/programming_stuff/projekty_wersje_ostateczne/PongFPGA/Source/Software/PongFPGA_bsp/\libhal_bsp.a(alt_release_fd.o)
 .debug_abbrev  0x0000000000000cf1       0x42 D:/Dokumenty/Pulpit/programming_stuff/projekty_wersje_ostateczne/PongFPGA/Source/Software/PongFPGA_bsp/\libhal_bsp.a(altera_nios2_gen2_irq.o)
 .debug_abbrev  0x0000000000000d33       0xaa d:/programs/maximator18.1/nios2eds/bin/gnu/h-x86_64-mingw32/bin/../lib/gcc/nios2-elf/5.3.0/../../../../../H-x86_64-mingw32/nios2-elf/lib/mno-hw-mul\libc.a(lib_a-atexit.o)
 .debug_abbrev  0x0000000000000ddd      0x1e5 d:/programs/maximator18.1/nios2eds/bin/gnu/h-x86_64-mingw32/bin/../lib/gcc/nios2-elf/5.3.0/../../../../../H-x86_64-mingw32/nios2-elf/lib/mno-hw-mul\libc.a(lib_a-exit.o)
 .debug_abbrev  0x0000000000000fc2      0x18f d:/programs/maximator18.1/nios2eds/bin/gnu/h-x86_64-mingw32/bin/../lib/gcc/nios2-elf/5.3.0/../../../../../H-x86_64-mingw32/nios2-elf/lib/mno-hw-mul\libc.a(lib_a-impure.o)
 .debug_abbrev  0x0000000000001151       0x37 d:/programs/maximator18.1/nios2eds/bin/gnu/h-x86_64-mingw32/bin/../lib/gcc/nios2-elf/5.3.0/../../../../../H-x86_64-mingw32/nios2-elf/lib/mno-hw-mul\libc.a(lib_a-int_errno.o)
 .debug_abbrev  0x0000000000001188      0x21e d:/programs/maximator18.1/nios2eds/bin/gnu/h-x86_64-mingw32/bin/../lib/gcc/nios2-elf/5.3.0/../../../../../H-x86_64-mingw32/nios2-elf/lib/mno-hw-mul\libc.a(lib_a-__atexit.o)
 .debug_abbrev  0x00000000000013a6      0x22e d:/programs/maximator18.1/nios2eds/bin/gnu/h-x86_64-mingw32/bin/../lib/gcc/nios2-elf/5.3.0/../../../../../H-x86_64-mingw32/nios2-elf/lib/mno-hw-mul\libc.a(lib_a-__call_atexit.o)
 .debug_abbrev  0x00000000000015d4       0x6f d:/programs/maximator18.1/nios2eds/bin/gnu/h-x86_64-mingw32/bin/../lib/gcc/nios2-elf/5.3.0/mno-hw-mul\libgcc.a(lib2-mul.o)
 .debug_abbrev  0x0000000000001643       0xa9 D:/Dokumenty/Pulpit/programming_stuff/projekty_wersje_ostateczne/PongFPGA/Source/Software/PongFPGA_bsp/\libhal_bsp.a(alt_exit.o)

.debug_line     0x0000000000000000     0x17a1
 *(.debug_line)
 .debug_line    0x0000000000000000       0x66 D:/Dokumenty/Pulpit/programming_stuff/projekty_wersje_ostateczne/PongFPGA/Source/Software/PongFPGA_bsp//obj/HAL/src/crt0.o
 .debug_line    0x0000000000000066      0x1bb obj/default/main.o
 .debug_line    0x0000000000000221       0xeb D:/Dokumenty/Pulpit/programming_stuff/projekty_wersje_ostateczne/PongFPGA/Source/Software/PongFPGA_bsp/\libhal_bsp.a(alt_iic.o)
 .debug_line    0x000000000000030c       0xdb D:/Dokumenty/Pulpit/programming_stuff/projekty_wersje_ostateczne/PongFPGA/Source/Software/PongFPGA_bsp/\libhal_bsp.a(alt_iic_isr_register.o)
 .debug_line    0x00000000000003e7       0x6b D:/Dokumenty/Pulpit/programming_stuff/projekty_wersje_ostateczne/PongFPGA/Source/Software/PongFPGA_bsp/\libhal_bsp.a(alt_irq_entry.o)
 .debug_line    0x0000000000000452       0xaa D:/Dokumenty/Pulpit/programming_stuff/projekty_wersje_ostateczne/PongFPGA/Source/Software/PongFPGA_bsp/\libhal_bsp.a(alt_irq_handler.o)
 .debug_line    0x00000000000004fc       0x50 D:/Dokumenty/Pulpit/programming_stuff/projekty_wersje_ostateczne/PongFPGA/Source/Software/PongFPGA_bsp/\libhal_bsp.a(alt_irq_vars.o)
 .debug_line    0x000000000000054c       0x8e D:/Dokumenty/Pulpit/programming_stuff/projekty_wersje_ostateczne/PongFPGA/Source/Software/PongFPGA_bsp/\libhal_bsp.a(alt_load.o)
 .debug_line    0x00000000000005da       0xa0 D:/Dokumenty/Pulpit/programming_stuff/projekty_wersje_ostateczne/PongFPGA/Source/Software/PongFPGA_bsp/\libhal_bsp.a(alt_main.o)
 .debug_line    0x000000000000067a       0xc8 D:/Dokumenty/Pulpit/programming_stuff/projekty_wersje_ostateczne/PongFPGA/Source/Software/PongFPGA_bsp/\libhal_bsp.a(alt_sys_init.o)
 .debug_line    0x0000000000000742      0x168 D:/Dokumenty/Pulpit/programming_stuff/projekty_wersje_ostateczne/PongFPGA/Source/Software/PongFPGA_bsp/\libhal_bsp.a(alt_close.o)
 .debug_line    0x00000000000008aa       0x51 D:/Dokumenty/Pulpit/programming_stuff/projekty_wersje_ostateczne/PongFPGA/Source/Software/PongFPGA_bsp/\libhal_bsp.a(alt_dcache_flush_all.o)
 .debug_line    0x00000000000008fb       0xfb D:/Dokumenty/Pulpit/programming_stuff/projekty_wersje_ostateczne/PongFPGA/Source/Software/PongFPGA_bsp/\libhal_bsp.a(alt_dev.o)
 .debug_line    0x00000000000009f6       0x59 D:/Dokumenty/Pulpit/programming_stuff/projekty_wersje_ostateczne/PongFPGA/Source/Software/PongFPGA_bsp/\libhal_bsp.a(alt_do_ctors.o)
 .debug_line    0x0000000000000a4f       0x59 D:/Dokumenty/Pulpit/programming_stuff/projekty_wersje_ostateczne/PongFPGA/Source/Software/PongFPGA_bsp/\libhal_bsp.a(alt_do_dtors.o)
 .debug_line    0x0000000000000aa8       0x51 D:/Dokumenty/Pulpit/programming_stuff/projekty_wersje_ostateczne/PongFPGA/Source/Software/PongFPGA_bsp/\libhal_bsp.a(alt_errno.o)
 .debug_line    0x0000000000000af9       0xb3 D:/Dokumenty/Pulpit/programming_stuff/projekty_wersje_ostateczne/PongFPGA/Source/Software/PongFPGA_bsp/\libhal_bsp.a(alt_exception_entry.o)
 .debug_line    0x0000000000000bac       0x4f D:/Dokumenty/Pulpit/programming_stuff/projekty_wersje_ostateczne/PongFPGA/Source/Software/PongFPGA_bsp/\libhal_bsp.a(alt_icache_flush_all.o)
 .debug_line    0x0000000000000bfb       0xb9 D:/Dokumenty/Pulpit/programming_stuff/projekty_wersje_ostateczne/PongFPGA/Source/Software/PongFPGA_bsp/\libhal_bsp.a(alt_instruction_exception_entry.o)
 .debug_line    0x0000000000000cb4       0xb0 D:/Dokumenty/Pulpit/programming_stuff/projekty_wersje_ostateczne/PongFPGA/Source/Software/PongFPGA_bsp/\libhal_bsp.a(alt_release_fd.o)
 .debug_line    0x0000000000000d64       0x51 D:/Dokumenty/Pulpit/programming_stuff/projekty_wersje_ostateczne/PongFPGA/Source/Software/PongFPGA_bsp/\libhal_bsp.a(altera_nios2_gen2_irq.o)
 .debug_line    0x0000000000000db5       0xe7 d:/programs/maximator18.1/nios2eds/bin/gnu/h-x86_64-mingw32/bin/../lib/gcc/nios2-elf/5.3.0/../../../../../H-x86_64-mingw32/nios2-elf/lib/mno-hw-mul\libc.a(lib_a-atexit.o)
 .debug_line    0x0000000000000e9c      0x1fc d:/programs/maximator18.1/nios2eds/bin/gnu/h-x86_64-mingw32/bin/../lib/gcc/nios2-elf/5.3.0/../../../../../H-x86_64-mingw32/nios2-elf/lib/mno-hw-mul\libc.a(lib_a-exit.o)
 .debug_line    0x0000000000001098      0x160 d:/programs/maximator18.1/nios2eds/bin/gnu/h-x86_64-mingw32/bin/../lib/gcc/nios2-elf/5.3.0/../../../../../H-x86_64-mingw32/nios2-elf/lib/mno-hw-mul\libc.a(lib_a-impure.o)
 .debug_line    0x00000000000011f8       0x5f d:/programs/maximator18.1/nios2eds/bin/gnu/h-x86_64-mingw32/bin/../lib/gcc/nios2-elf/5.3.0/../../../../../H-x86_64-mingw32/nios2-elf/lib/mno-hw-mul\libc.a(lib_a-int_errno.o)
 .debug_line    0x0000000000001257      0x21f d:/programs/maximator18.1/nios2eds/bin/gnu/h-x86_64-mingw32/bin/../lib/gcc/nios2-elf/5.3.0/../../../../../H-x86_64-mingw32/nios2-elf/lib/mno-hw-mul\libc.a(lib_a-__atexit.o)
 .debug_line    0x0000000000001476      0x23a d:/programs/maximator18.1/nios2eds/bin/gnu/h-x86_64-mingw32/bin/../lib/gcc/nios2-elf/5.3.0/../../../../../H-x86_64-mingw32/nios2-elf/lib/mno-hw-mul\libc.a(lib_a-__call_atexit.o)
 .debug_line    0x00000000000016b0       0x80 d:/programs/maximator18.1/nios2eds/bin/gnu/h-x86_64-mingw32/bin/../lib/gcc/nios2-elf/5.3.0/mno-hw-mul\libgcc.a(lib2-mul.o)
 .debug_line    0x0000000000001730       0x71 D:/Dokumenty/Pulpit/programming_stuff/projekty_wersje_ostateczne/PongFPGA/Source/Software/PongFPGA_bsp/\libhal_bsp.a(alt_exit.o)

.debug_frame    0x0000000000000000      0x5f0
 *(.debug_frame)
 .debug_frame   0x0000000000000000       0xa0 obj/default/main.o
 .debug_frame   0x00000000000000a0       0xa4 D:/Dokumenty/Pulpit/programming_stuff/projekty_wersje_ostateczne/PongFPGA/Source/Software/PongFPGA_bsp/\libhal_bsp.a(alt_iic.o)
 .debug_frame   0x0000000000000144       0x38 D:/Dokumenty/Pulpit/programming_stuff/projekty_wersje_ostateczne/PongFPGA/Source/Software/PongFPGA_bsp/\libhal_bsp.a(alt_iic_isr_register.o)
 .debug_frame   0x000000000000017c       0x38 D:/Dokumenty/Pulpit/programming_stuff/projekty_wersje_ostateczne/PongFPGA/Source/Software/PongFPGA_bsp/\libhal_bsp.a(alt_irq_handler.o)
 .debug_frame   0x00000000000001b4       0x5c D:/Dokumenty/Pulpit/programming_stuff/projekty_wersje_ostateczne/PongFPGA/Source/Software/PongFPGA_bsp/\libhal_bsp.a(alt_load.o)
 .debug_frame   0x0000000000000210       0x2c D:/Dokumenty/Pulpit/programming_stuff/projekty_wersje_ostateczne/PongFPGA/Source/Software/PongFPGA_bsp/\libhal_bsp.a(alt_main.o)
 .debug_frame   0x000000000000023c       0x5c D:/Dokumenty/Pulpit/programming_stuff/projekty_wersje_ostateczne/PongFPGA/Source/Software/PongFPGA_bsp/\libhal_bsp.a(alt_sys_init.o)
 .debug_frame   0x0000000000000298       0x60 D:/Dokumenty/Pulpit/programming_stuff/projekty_wersje_ostateczne/PongFPGA/Source/Software/PongFPGA_bsp/\libhal_bsp.a(alt_close.o)
 .debug_frame   0x00000000000002f8       0x34 D:/Dokumenty/Pulpit/programming_stuff/projekty_wersje_ostateczne/PongFPGA/Source/Software/PongFPGA_bsp/\libhal_bsp.a(alt_dcache_flush_all.o)
 .debug_frame   0x000000000000032c       0x34 D:/Dokumenty/Pulpit/programming_stuff/projekty_wersje_ostateczne/PongFPGA/Source/Software/PongFPGA_bsp/\libhal_bsp.a(alt_dev.o)
 .debug_frame   0x0000000000000360       0x38 D:/Dokumenty/Pulpit/programming_stuff/projekty_wersje_ostateczne/PongFPGA/Source/Software/PongFPGA_bsp/\libhal_bsp.a(alt_do_ctors.o)
 .debug_frame   0x0000000000000398       0x38 D:/Dokumenty/Pulpit/programming_stuff/projekty_wersje_ostateczne/PongFPGA/Source/Software/PongFPGA_bsp/\libhal_bsp.a(alt_do_dtors.o)
 .debug_frame   0x00000000000003d0       0x34 D:/Dokumenty/Pulpit/programming_stuff/projekty_wersje_ostateczne/PongFPGA/Source/Software/PongFPGA_bsp/\libhal_bsp.a(alt_icache_flush_all.o)
 .debug_frame   0x0000000000000404       0x5c D:/Dokumenty/Pulpit/programming_stuff/projekty_wersje_ostateczne/PongFPGA/Source/Software/PongFPGA_bsp/\libhal_bsp.a(alt_instruction_exception_entry.o)
 .debug_frame   0x0000000000000460       0x3c D:/Dokumenty/Pulpit/programming_stuff/projekty_wersje_ostateczne/PongFPGA/Source/Software/PongFPGA_bsp/\libhal_bsp.a(alt_release_fd.o)
 .debug_frame   0x000000000000049c       0x34 D:/Dokumenty/Pulpit/programming_stuff/projekty_wersje_ostateczne/PongFPGA/Source/Software/PongFPGA_bsp/\libhal_bsp.a(altera_nios2_gen2_irq.o)
 .debug_frame   0x00000000000004d0       0x20 d:/programs/maximator18.1/nios2eds/bin/gnu/h-x86_64-mingw32/bin/../lib/gcc/nios2-elf/5.3.0/../../../../../H-x86_64-mingw32/nios2-elf/lib/mno-hw-mul\libc.a(lib_a-atexit.o)
 .debug_frame   0x00000000000004f0       0x28 d:/programs/maximator18.1/nios2eds/bin/gnu/h-x86_64-mingw32/bin/../lib/gcc/nios2-elf/5.3.0/../../../../../H-x86_64-mingw32/nios2-elf/lib/mno-hw-mul\libc.a(lib_a-exit.o)
 .debug_frame   0x0000000000000518       0x38 d:/programs/maximator18.1/nios2eds/bin/gnu/h-x86_64-mingw32/bin/../lib/gcc/nios2-elf/5.3.0/../../../../../H-x86_64-mingw32/nios2-elf/lib/mno-hw-mul\libc.a(lib_a-__atexit.o)
 .debug_frame   0x0000000000000550       0x54 d:/programs/maximator18.1/nios2eds/bin/gnu/h-x86_64-mingw32/bin/../lib/gcc/nios2-elf/5.3.0/../../../../../H-x86_64-mingw32/nios2-elf/lib/mno-hw-mul\libc.a(lib_a-__call_atexit.o)
 .debug_frame   0x00000000000005a4       0x20 d:/programs/maximator18.1/nios2eds/bin/gnu/h-x86_64-mingw32/bin/../lib/gcc/nios2-elf/5.3.0/mno-hw-mul\libgcc.a(lib2-mul.o)
 .debug_frame   0x00000000000005c4       0x2c D:/Dokumenty/Pulpit/programming_stuff/projekty_wersje_ostateczne/PongFPGA/Source/Software/PongFPGA_bsp/\libhal_bsp.a(alt_exit.o)

.debug_str      0x0000000000000000     0x15f6
 *(.debug_str)
 .debug_str     0x0000000000000000      0x1a5 obj/default/main.o
                                        0x206 (size before relaxing)
 .debug_str     0x00000000000001a5      0x1bf D:/Dokumenty/Pulpit/programming_stuff/projekty_wersje_ostateczne/PongFPGA/Source/Software/PongFPGA_bsp/\libhal_bsp.a(alt_iic.o)
                                        0x26b (size before relaxing)
 .debug_str     0x0000000000000364       0x4c D:/Dokumenty/Pulpit/programming_stuff/projekty_wersje_ostateczne/PongFPGA/Source/Software/PongFPGA_bsp/\libhal_bsp.a(alt_iic_isr_register.o)
                                        0x215 (size before relaxing)
 .debug_str     0x00000000000003b0       0x3a D:/Dokumenty/Pulpit/programming_stuff/projekty_wersje_ostateczne/PongFPGA/Source/Software/PongFPGA_bsp/\libhal_bsp.a(alt_irq_handler.o)
                                        0x1c4 (size before relaxing)
 .debug_str     0x00000000000003ea       0x17 D:/Dokumenty/Pulpit/programming_stuff/projekty_wersje_ostateczne/PongFPGA/Source/Software/PongFPGA_bsp/\libhal_bsp.a(alt_irq_vars.o)
                                        0x167 (size before relaxing)
 .debug_str     0x0000000000000401       0xe9 D:/Dokumenty/Pulpit/programming_stuff/projekty_wersje_ostateczne/PongFPGA/Source/Software/PongFPGA_bsp/\libhal_bsp.a(alt_load.o)
                                        0x23f (size before relaxing)
 .debug_str     0x00000000000004ea       0x70 D:/Dokumenty/Pulpit/programming_stuff/projekty_wersje_ostateczne/PongFPGA/Source/Software/PongFPGA_bsp/\libhal_bsp.a(alt_main.o)
                                        0x1ca (size before relaxing)
 .debug_str     0x000000000000055a       0x7f D:/Dokumenty/Pulpit/programming_stuff/projekty_wersje_ostateczne/PongFPGA/Source/Software/PongFPGA_bsp/\libhal_bsp.a(alt_sys_init.o)
                                        0x20b (size before relaxing)
 .debug_str     0x00000000000005d9       0x90 D:/Dokumenty/Pulpit/programming_stuff/projekty_wersje_ostateczne/PongFPGA/Source/Software/PongFPGA_bsp/\libhal_bsp.a(alt_close.o)
                                        0x238 (size before relaxing)
 .debug_str     0x0000000000000669       0x34 D:/Dokumenty/Pulpit/programming_stuff/projekty_wersje_ostateczne/PongFPGA/Source/Software/PongFPGA_bsp/\libhal_bsp.a(alt_dcache_flush_all.o)
                                        0x182 (size before relaxing)
 .debug_str     0x000000000000069d      0x120 D:/Dokumenty/Pulpit/programming_stuff/projekty_wersje_ostateczne/PongFPGA/Source/Software/PongFPGA_bsp/\libhal_bsp.a(alt_dev.o)
                                        0x332 (size before relaxing)
 .debug_str     0x00000000000007bd       0x48 D:/Dokumenty/Pulpit/programming_stuff/projekty_wersje_ostateczne/PongFPGA/Source/Software/PongFPGA_bsp/\libhal_bsp.a(alt_do_ctors.o)
                                         0xfd (size before relaxing)
 .debug_str     0x0000000000000805       0x4c D:/Dokumenty/Pulpit/programming_stuff/projekty_wersje_ostateczne/PongFPGA/Source/Software/PongFPGA_bsp/\libhal_bsp.a(alt_do_dtors.o)
                                         0xfc (size before relaxing)
 .debug_str     0x0000000000000851       0x14 D:/Dokumenty/Pulpit/programming_stuff/projekty_wersje_ostateczne/PongFPGA/Source/Software/PongFPGA_bsp/\libhal_bsp.a(alt_errno.o)
                                        0x172 (size before relaxing)
 .debug_str     0x0000000000000865       0x34 D:/Dokumenty/Pulpit/programming_stuff/projekty_wersje_ostateczne/PongFPGA/Source/Software/PongFPGA_bsp/\libhal_bsp.a(alt_icache_flush_all.o)
                                        0x182 (size before relaxing)
 .debug_str     0x0000000000000899      0x48b D:/Dokumenty/Pulpit/programming_stuff/projekty_wersje_ostateczne/PongFPGA/Source/Software/PongFPGA_bsp/\libhal_bsp.a(alt_instruction_exception_entry.o)
                                        0x5cd (size before relaxing)
 .debug_str     0x0000000000000d24       0x28 D:/Dokumenty/Pulpit/programming_stuff/projekty_wersje_ostateczne/PongFPGA/Source/Software/PongFPGA_bsp/\libhal_bsp.a(alt_release_fd.o)
                                        0x200 (size before relaxing)
 .debug_str     0x0000000000000d4c       0x3b D:/Dokumenty/Pulpit/programming_stuff/projekty_wersje_ostateczne/PongFPGA/Source/Software/PongFPGA_bsp/\libhal_bsp.a(altera_nios2_gen2_irq.o)
                                        0x189 (size before relaxing)
 .debug_str     0x0000000000000d87      0x17c d:/programs/maximator18.1/nios2eds/bin/gnu/h-x86_64-mingw32/bin/../lib/gcc/nios2-elf/5.3.0/../../../../../H-x86_64-mingw32/nios2-elf/lib/mno-hw-mul\libc.a(lib_a-atexit.o)
                                        0x221 (size before relaxing)
 .debug_str     0x0000000000000f03      0x3c8 d:/programs/maximator18.1/nios2eds/bin/gnu/h-x86_64-mingw32/bin/../lib/gcc/nios2-elf/5.3.0/../../../../../H-x86_64-mingw32/nios2-elf/lib/mno-hw-mul\libc.a(lib_a-exit.o)
                                        0x5be (size before relaxing)
 .debug_str     0x00000000000012cb       0xd6 d:/programs/maximator18.1/nios2eds/bin/gnu/h-x86_64-mingw32/bin/../lib/gcc/nios2-elf/5.3.0/../../../../../H-x86_64-mingw32/nios2-elf/lib/mno-hw-mul\libc.a(lib_a-impure.o)
                                        0x5b5 (size before relaxing)
 .debug_str     0x00000000000013a1       0x3f d:/programs/maximator18.1/nios2eds/bin/gnu/h-x86_64-mingw32/bin/../lib/gcc/nios2-elf/5.3.0/../../../../../H-x86_64-mingw32/nios2-elf/lib/mno-hw-mul\libc.a(lib_a-int_errno.o)
                                        0x1dd (size before relaxing)
 .debug_str     0x00000000000013e0       0x3f d:/programs/maximator18.1/nios2eds/bin/gnu/h-x86_64-mingw32/bin/../lib/gcc/nios2-elf/5.3.0/../../../../../H-x86_64-mingw32/nios2-elf/lib/mno-hw-mul\libc.a(lib_a-__atexit.o)
                                        0x5f6 (size before relaxing)
 .debug_str     0x000000000000141f       0x65 d:/programs/maximator18.1/nios2eds/bin/gnu/h-x86_64-mingw32/bin/../lib/gcc/nios2-elf/5.3.0/../../../../../H-x86_64-mingw32/nios2-elf/lib/mno-hw-mul\libc.a(lib_a-__call_atexit.o)
                                        0x5e2 (size before relaxing)
 .debug_str     0x0000000000001484      0x148 d:/programs/maximator18.1/nios2eds/bin/gnu/h-x86_64-mingw32/bin/../lib/gcc/nios2-elf/5.3.0/mno-hw-mul\libgcc.a(lib2-mul.o)
                                        0x193 (size before relaxing)
 .debug_str     0x00000000000015cc       0x2a D:/Dokumenty/Pulpit/programming_stuff/projekty_wersje_ostateczne/PongFPGA/Source/Software/PongFPGA_bsp/\libhal_bsp.a(alt_exit.o)
                                        0x17e (size before relaxing)

.debug_loc      0x0000000000000000      0x430
 *(.debug_loc)
 .debug_loc     0x0000000000000000       0x2c d:/programs/maximator18.1/nios2eds/bin/gnu/h-x86_64-mingw32/bin/../lib/gcc/nios2-elf/5.3.0/../../../../../H-x86_64-mingw32/nios2-elf/lib/mno-hw-mul\libc.a(lib_a-atexit.o)
 .debug_loc     0x000000000000002c       0x1e d:/programs/maximator18.1/nios2eds/bin/gnu/h-x86_64-mingw32/bin/../lib/gcc/nios2-elf/5.3.0/../../../../../H-x86_64-mingw32/nios2-elf/lib/mno-hw-mul\libc.a(lib_a-exit.o)
 .debug_loc     0x000000000000004a      0x185 d:/programs/maximator18.1/nios2eds/bin/gnu/h-x86_64-mingw32/bin/../lib/gcc/nios2-elf/5.3.0/../../../../../H-x86_64-mingw32/nios2-elf/lib/mno-hw-mul\libc.a(lib_a-__atexit.o)
 .debug_loc     0x00000000000001cf      0x1ce d:/programs/maximator18.1/nios2eds/bin/gnu/h-x86_64-mingw32/bin/../lib/gcc/nios2-elf/5.3.0/../../../../../H-x86_64-mingw32/nios2-elf/lib/mno-hw-mul\libc.a(lib_a-__call_atexit.o)
 .debug_loc     0x000000000000039d       0x93 d:/programs/maximator18.1/nios2eds/bin/gnu/h-x86_64-mingw32/bin/../lib/gcc/nios2-elf/5.3.0/mno-hw-mul\libgcc.a(lib2-mul.o)

.debug_macinfo
 *(.debug_macinfo)

.debug_weaknames
 *(.debug_weaknames)

.debug_funcnames
 *(.debug_funcnames)

.debug_typenames
 *(.debug_typenames)

.debug_varnames
 *(.debug_varnames)

.debug_alt_sim_info
                0x0000000000000000       0x10
 *(.debug_alt_sim_info)
 .debug_alt_sim_info
                0x0000000000000000       0x10 D:/Dokumenty/Pulpit/programming_stuff/projekty_wersje_ostateczne/PongFPGA/Source/Software/PongFPGA_bsp//obj/HAL/src/crt0.o
                0x000000000000c000                __alt_data_end = 0xc000
                0x000000000000c000                PROVIDE (__alt_stack_pointer, __alt_data_end)
                [!provide]                        PROVIDE (__alt_stack_limit, __alt_stack_base)
                [!provide]                        PROVIDE (__alt_heap_start, end)
                [!provide]                        PROVIDE (__alt_heap_limit, 0xc000)
OUTPUT(PongFPGA.elf elf32-littlenios2)

.debug_ranges   0x0000000000000000      0x100
 .debug_ranges  0x0000000000000000       0x20 D:/Dokumenty/Pulpit/programming_stuff/projekty_wersje_ostateczne/PongFPGA/Source/Software/PongFPGA_bsp//obj/HAL/src/crt0.o
 .debug_ranges  0x0000000000000020       0x28 D:/Dokumenty/Pulpit/programming_stuff/projekty_wersje_ostateczne/PongFPGA/Source/Software/PongFPGA_bsp/\libhal_bsp.a(alt_irq_entry.o)
 .debug_ranges  0x0000000000000048       0x10 D:/Dokumenty/Pulpit/programming_stuff/projekty_wersje_ostateczne/PongFPGA/Source/Software/PongFPGA_bsp/\libhal_bsp.a(alt_irq_handler.o)
 .debug_ranges  0x0000000000000058       0x30 D:/Dokumenty/Pulpit/programming_stuff/projekty_wersje_ostateczne/PongFPGA/Source/Software/PongFPGA_bsp/\libhal_bsp.a(alt_exception_entry.o)
 .debug_ranges  0x0000000000000088       0x18 D:/Dokumenty/Pulpit/programming_stuff/projekty_wersje_ostateczne/PongFPGA/Source/Software/PongFPGA_bsp/\libhal_bsp.a(alt_instruction_exception_entry.o)
 .debug_ranges  0x00000000000000a0       0x10 d:/programs/maximator18.1/nios2eds/bin/gnu/h-x86_64-mingw32/bin/../lib/gcc/nios2-elf/5.3.0/../../../../../H-x86_64-mingw32/nios2-elf/lib/mno-hw-mul\libc.a(lib_a-atexit.o)
 .debug_ranges  0x00000000000000b0       0x10 d:/programs/maximator18.1/nios2eds/bin/gnu/h-x86_64-mingw32/bin/../lib/gcc/nios2-elf/5.3.0/../../../../../H-x86_64-mingw32/nios2-elf/lib/mno-hw-mul\libc.a(lib_a-exit.o)
 .debug_ranges  0x00000000000000c0       0x10 d:/programs/maximator18.1/nios2eds/bin/gnu/h-x86_64-mingw32/bin/../lib/gcc/nios2-elf/5.3.0/../../../../../H-x86_64-mingw32/nios2-elf/lib/mno-hw-mul\libc.a(lib_a-__atexit.o)
 .debug_ranges  0x00000000000000d0       0x30 d:/programs/maximator18.1/nios2eds/bin/gnu/h-x86_64-mingw32/bin/../lib/gcc/nios2-elf/5.3.0/../../../../../H-x86_64-mingw32/nios2-elf/lib/mno-hw-mul\libc.a(lib_a-__call_atexit.o)
